Archive member included because of file (symbol)

c:/sdk_win_64/sdk_win_64/winavr/bin/../lib/gcc/avr/4.3.3/avr5\libgcc.a(_mulsi3.o)
                              ./HAL/LCD/LCD_Program.o (__mulsi3)
c:/sdk_win_64/sdk_win_64/winavr/bin/../lib/gcc/avr/4.3.3/avr5\libgcc.a(_udivmodsi4.o)
                              ./HAL/LCD/LCD_Program.o (__udivmodsi4)
c:/sdk_win_64/sdk_win_64/winavr/bin/../lib/gcc/avr/4.3.3/avr5\libgcc.a(_divmodsi4.o)
                              ./HAL/LCD/LCD_Program.o (__divmodsi4)
c:/sdk_win_64/sdk_win_64/winavr/bin/../lib/gcc/avr/4.3.3/avr5\libgcc.a(_exit.o)
                              c:/sdk_win_64/sdk_win_64/winavr/bin/../lib/gcc/avr/4.3.3/../../../../avr/lib/avr5/crtm32.o (exit)
c:/sdk_win_64/sdk_win_64/winavr/bin/../lib/gcc/avr/4.3.3/avr5\libgcc.a(_copy_data.o)
                              ./MCAL/Timer/Timer_Config.o (__do_copy_data)
c:/sdk_win_64/sdk_win_64/winavr/bin/../lib/gcc/avr/4.3.3/avr5\libgcc.a(_clear_bss.o)
                              ./MCAL/USART/USART_Program.o (__do_clear_bss)
c:/sdk_win_64/sdk_win_64/winavr/bin/../lib/gcc/avr/4.3.3/avr5\libgcc.a(_fixunssfsi.o)
                              ./MCAL/Timer/Timer_Program.o (__fixunssfsi)
c:/sdk_win_64/sdk_win_64/winavr/bin/../lib/gcc/avr/4.3.3/avr5\libgcc.a(_addsub_sf.o)
                              ./MCAL/Timer/Timer_Program.o (__subsf3)
c:/sdk_win_64/sdk_win_64/winavr/bin/../lib/gcc/avr/4.3.3/avr5\libgcc.a(_mul_sf.o)
                              ./MCAL/Timer/Timer_Program.o (__mulsf3)
c:/sdk_win_64/sdk_win_64/winavr/bin/../lib/gcc/avr/4.3.3/avr5\libgcc.a(_div_sf.o)
                              ./HAL/ICU/ICU_Program.o (__divsf3)
c:/sdk_win_64/sdk_win_64/winavr/bin/../lib/gcc/avr/4.3.3/avr5\libgcc.a(_ne_sf.o)
                              ./HAL/LCD/LCD_Program.o (__nesf2)
c:/sdk_win_64/sdk_win_64/winavr/bin/../lib/gcc/avr/4.3.3/avr5\libgcc.a(_gt_sf.o)
                              ./HAL/LCD/LCD_Program.o (__gtsf2)
c:/sdk_win_64/sdk_win_64/winavr/bin/../lib/gcc/avr/4.3.3/avr5\libgcc.a(_ge_sf.o)
                              ./MCAL/Timer/Timer_Program.o (__gesf2)
c:/sdk_win_64/sdk_win_64/winavr/bin/../lib/gcc/avr/4.3.3/avr5\libgcc.a(_lt_sf.o)
                              ./HAL/LCD/LCD_Program.o (__ltsf2)
c:/sdk_win_64/sdk_win_64/winavr/bin/../lib/gcc/avr/4.3.3/avr5\libgcc.a(_le_sf.o)
                              ./MCAL/Timer/Timer_Program.o (__lesf2)
c:/sdk_win_64/sdk_win_64/winavr/bin/../lib/gcc/avr/4.3.3/avr5\libgcc.a(_sf_to_si.o)
                              c:/sdk_win_64/sdk_win_64/winavr/bin/../lib/gcc/avr/4.3.3/avr5\libgcc.a(_fixunssfsi.o) (__fixsfsi)
c:/sdk_win_64/sdk_win_64/winavr/bin/../lib/gcc/avr/4.3.3/avr5\libgcc.a(_thenan_sf.o)
                              c:/sdk_win_64/sdk_win_64/winavr/bin/../lib/gcc/avr/4.3.3/avr5\libgcc.a(_addsub_sf.o) (__thenan_sf)
c:/sdk_win_64/sdk_win_64/winavr/bin/../lib/gcc/avr/4.3.3/avr5\libgcc.a(_usi_to_sf.o)
                              ./HAL/LCD/LCD_Program.o (__floatunsisf)
c:/sdk_win_64/sdk_win_64/winavr/bin/../lib/gcc/avr/4.3.3/avr5\libgcc.a(_prologue.o)
                              c:/sdk_win_64/sdk_win_64/winavr/bin/../lib/gcc/avr/4.3.3/avr5\libgcc.a(_addsub_sf.o) (__prologue_saves__)
c:/sdk_win_64/sdk_win_64/winavr/bin/../lib/gcc/avr/4.3.3/avr5\libgcc.a(_epilogue.o)
                              c:/sdk_win_64/sdk_win_64/winavr/bin/../lib/gcc/avr/4.3.3/avr5\libgcc.a(_addsub_sf.o) (__epilogue_restores__)
c:/sdk_win_64/sdk_win_64/winavr/bin/../lib/gcc/avr/4.3.3/avr5\libgcc.a(_clzsi2.o)
                              c:/sdk_win_64/sdk_win_64/winavr/bin/../lib/gcc/avr/4.3.3/avr5\libgcc.a(_usi_to_sf.o) (__clzsi2)
c:/sdk_win_64/sdk_win_64/winavr/bin/../lib/gcc/avr/4.3.3/avr5\libgcc.a(_pack_sf.o)
                              c:/sdk_win_64/sdk_win_64/winavr/bin/../lib/gcc/avr/4.3.3/avr5\libgcc.a(_addsub_sf.o) (__pack_f)
c:/sdk_win_64/sdk_win_64/winavr/bin/../lib/gcc/avr/4.3.3/avr5\libgcc.a(_unpack_sf.o)
                              c:/sdk_win_64/sdk_win_64/winavr/bin/../lib/gcc/avr/4.3.3/avr5\libgcc.a(_addsub_sf.o) (__unpack_f)
c:/sdk_win_64/sdk_win_64/winavr/bin/../lib/gcc/avr/4.3.3/avr5\libgcc.a(_fpcmp_parts_sf.o)
                              c:/sdk_win_64/sdk_win_64/winavr/bin/../lib/gcc/avr/4.3.3/avr5\libgcc.a(_ne_sf.o) (__fpcmp_parts_f)
c:/sdk_win_64/sdk_win_64/winavr/bin/../lib/gcc/avr/4.3.3/avr5\libgcc.a(_clz.o)
                              c:/sdk_win_64/sdk_win_64/winavr/bin/../lib/gcc/avr/4.3.3/avr5\libgcc.a(_clzsi2.o) (__clz_tab)

Memory Configuration

Name             Origin             Length             Attributes
text             0x00000000         0x00020000         xr
data             0x00800060         0x0000ffa0         rw !x
eeprom           0x00810000         0x00010000         rw !x
fuse             0x00820000         0x00000400         rw !x
lock             0x00830000         0x00000400         rw !x
signature        0x00840000         0x00000400         rw !x
*default*        0x00000000         0xffffffff

Linker script and memory map

LOAD c:/sdk_win_64/sdk_win_64/winavr/bin/../lib/gcc/avr/4.3.3/../../../../avr/lib/avr5/crtm32.o
LOAD ./TMU/TMU_Program.o
LOAD ./MCAL/USART/USART_Program.o
LOAD ./MCAL/Timers/Timers_Config.o
LOAD ./MCAL/Timers/Timers_Program.o
LOAD ./MCAL/Timer/Timer_Config.o
LOAD ./MCAL/Timer/Timer_Program.o
LOAD ./MCAL/SREG/SREG_Program.o
LOAD ./MCAL/PWM/PWM_Config.o
LOAD ./MCAL/PWM/PWM_Program.o
LOAD ./MCAL/EXTI/EXTI_Config.o
LOAD ./MCAL/EXTI/EXTI_Program.o
LOAD ./MCAL/DIO/DIO_Program.o
LOAD ./MCAL/ADC/ADC_Program.o
LOAD ./HAL/SW/SW_Config.o
LOAD ./HAL/SW/SW_Program.o
LOAD ./HAL/Relay/Relay_Config.o
LOAD ./HAL/Relay/Relay_Program.o
LOAD ./HAL/LED/LED_Config.o
LOAD ./HAL/LED/LED_Program.o
LOAD ./HAL/LCD/LCD_Program.o
LOAD ./HAL/KEYPAD/Keypad_Program.o
LOAD ./HAL/ICU/ICU_Program.o
LOAD ./HAL/Hexadecoder/Hexadecoder_Program.o
LOAD ./HAL/Buzzer/Buzzer_Config.o
LOAD ./HAL/Buzzer/Buzzer_Program.o
LOAD ./APP/Main.o
LOAD c:/sdk_win_64/sdk_win_64/winavr/bin/../lib/gcc/avr/4.3.3/avr5\libgcc.a
LOAD c:/sdk_win_64/sdk_win_64/winavr/bin/../lib/gcc/avr/4.3.3/../../../../avr/lib/avr5\libc.a
LOAD c:/sdk_win_64/sdk_win_64/winavr/bin/../lib/gcc/avr/4.3.3/avr5\libgcc.a

.hash
 *(.hash)

.dynsym
 *(.dynsym)

.dynstr
 *(.dynstr)

.gnu.version
 *(.gnu.version)

.gnu.version_d
 *(.gnu.version_d)

.gnu.version_r
 *(.gnu.version_r)

.rel.init
 *(.rel.init)

.rela.init
 *(.rela.init)

.rel.text
 *(.rel.text)
 *(.rel.text.*)
 *(.rel.gnu.linkonce.t*)

.rela.text
 *(.rela.text)
 *(.rela.text.*)
 *(.rela.gnu.linkonce.t*)

.rel.fini
 *(.rel.fini)

.rela.fini
 *(.rela.fini)

.rel.rodata
 *(.rel.rodata)
 *(.rel.rodata.*)
 *(.rel.gnu.linkonce.r*)

.rela.rodata
 *(.rela.rodata)
 *(.rela.rodata.*)
 *(.rela.gnu.linkonce.r*)

.rel.data
 *(.rel.data)
 *(.rel.data.*)
 *(.rel.gnu.linkonce.d*)

.rela.data
 *(.rela.data)
 *(.rela.data.*)
 *(.rela.gnu.linkonce.d*)

.rel.ctors
 *(.rel.ctors)

.rela.ctors
 *(.rela.ctors)

.rel.dtors
 *(.rel.dtors)

.rela.dtors
 *(.rela.dtors)

.rel.got
 *(.rel.got)

.rela.got
 *(.rela.got)

.rel.bss
 *(.rel.bss)

.rela.bss
 *(.rela.bss)

.rel.plt
 *(.rel.plt)

.rela.plt
 *(.rela.plt)

.text           0x00000000     0x6090
 *(.vectors)
 .vectors       0x00000000       0x54 c:/sdk_win_64/sdk_win_64/winavr/bin/../lib/gcc/avr/4.3.3/../../../../avr/lib/avr5/crtm32.o
                0x00000000                __vectors
                0x00000000                __vector_default
 *(.vectors)
 *(.progmem.gcc*)
 *(.progmem*)
                0x00000054                . = ALIGN (0x2)
                0x00000054                __trampolines_start = .
 *(.trampolines)
 .trampolines   0x00000054        0x0 linker stubs
 *(.trampolines*)
                0x00000054                __trampolines_end = .
 *(.jumptables)
 *(.jumptables*)
 *(.lowtext)
 *(.lowtext*)
                0x00000054                __ctors_start = .
 *(.ctors)
                0x00000054                __ctors_end = .
                0x00000054                __dtors_start = .
 *(.dtors)
                0x00000054                __dtors_end = .
 SORT(*)(.ctors)
 SORT(*)(.dtors)
 *(.init0)
 .init0         0x00000054        0x0 c:/sdk_win_64/sdk_win_64/winavr/bin/../lib/gcc/avr/4.3.3/../../../../avr/lib/avr5/crtm32.o
                0x00000054                __init
 *(.init0)
 *(.init1)
 *(.init1)
 *(.init2)
 .init2         0x00000054        0xc c:/sdk_win_64/sdk_win_64/winavr/bin/../lib/gcc/avr/4.3.3/../../../../avr/lib/avr5/crtm32.o
 *(.init2)
 *(.init3)
 *(.init3)
 *(.init4)
 .init4         0x00000060       0x16 c:/sdk_win_64/sdk_win_64/winavr/bin/../lib/gcc/avr/4.3.3/avr5\libgcc.a(_copy_data.o)
                0x00000060                __do_copy_data
 .init4         0x00000076       0x10 c:/sdk_win_64/sdk_win_64/winavr/bin/../lib/gcc/avr/4.3.3/avr5\libgcc.a(_clear_bss.o)
                0x00000076                __do_clear_bss
 *(.init4)
 *(.init5)
 *(.init5)
 *(.init6)
 *(.init6)
 *(.init7)
 *(.init7)
 *(.init8)
 *(.init8)
 *(.init9)
 .init9         0x00000086        0x8 c:/sdk_win_64/sdk_win_64/winavr/bin/../lib/gcc/avr/4.3.3/../../../../avr/lib/avr5/crtm32.o
 *(.init9)
 *(.text)
 .text          0x0000008e        0x4 c:/sdk_win_64/sdk_win_64/winavr/bin/../lib/gcc/avr/4.3.3/../../../../avr/lib/avr5/crtm32.o
                0x0000008e                __vector_12
                0x0000008e                __bad_interrupt
                0x0000008e                __vector_6
                0x0000008e                __vector_13
                0x0000008e                __vector_17
                0x0000008e                __vector_19
                0x0000008e                __vector_7
                0x0000008e                __vector_9
                0x0000008e                __vector_15
                0x0000008e                __vector_8
                0x0000008e                __vector_14
                0x0000008e                __vector_18
                0x0000008e                __vector_20
 .text          0x00000092        0x0 ./TMU/TMU_Program.o
 .text          0x00000092        0x0 ./MCAL/USART/USART_Program.o
 .text          0x00000092        0x0 ./MCAL/Timers/Timers_Config.o
 .text          0x00000092        0x0 ./MCAL/Timers/Timers_Program.o
 .text          0x00000092        0x0 ./MCAL/Timer/Timer_Config.o
 .text          0x00000092        0x0 ./MCAL/Timer/Timer_Program.o
 .text          0x00000092        0x0 ./MCAL/SREG/SREG_Program.o
 .text          0x00000092        0x0 ./MCAL/PWM/PWM_Config.o
 .text          0x00000092        0x0 ./MCAL/PWM/PWM_Program.o
 .text          0x00000092        0x0 ./MCAL/EXTI/EXTI_Config.o
 .text          0x00000092        0x0 ./MCAL/EXTI/EXTI_Program.o
 .text          0x00000092        0x0 ./MCAL/DIO/DIO_Program.o
 .text          0x00000092        0x0 ./MCAL/ADC/ADC_Program.o
 .text          0x00000092        0x0 ./HAL/SW/SW_Config.o
 .text          0x00000092        0x0 ./HAL/SW/SW_Program.o
 .text          0x00000092        0x0 ./HAL/Relay/Relay_Config.o
 .text          0x00000092        0x0 ./HAL/Relay/Relay_Program.o
 .text          0x00000092        0x0 ./HAL/LED/LED_Config.o
 .text          0x00000092        0x0 ./HAL/LED/LED_Program.o
 .text          0x00000092        0x0 ./HAL/LCD/LCD_Program.o
 .text          0x00000092        0x0 ./HAL/KEYPAD/Keypad_Program.o
 .text          0x00000092        0x0 ./HAL/ICU/ICU_Program.o
 .text          0x00000092        0x0 ./HAL/Hexadecoder/Hexadecoder_Program.o
 .text          0x00000092        0x0 ./HAL/Buzzer/Buzzer_Config.o
 .text          0x00000092        0x0 ./HAL/Buzzer/Buzzer_Program.o
 .text          0x00000092        0x0 ./APP/Main.o
 .text          0x00000092        0x0 c:/sdk_win_64/sdk_win_64/winavr/bin/../lib/gcc/avr/4.3.3/avr5\libgcc.a(_mulsi3.o)
 .text          0x00000092        0x0 c:/sdk_win_64/sdk_win_64/winavr/bin/../lib/gcc/avr/4.3.3/avr5\libgcc.a(_udivmodsi4.o)
 .text          0x00000092        0x0 c:/sdk_win_64/sdk_win_64/winavr/bin/../lib/gcc/avr/4.3.3/avr5\libgcc.a(_divmodsi4.o)
 .text          0x00000092        0x0 c:/sdk_win_64/sdk_win_64/winavr/bin/../lib/gcc/avr/4.3.3/avr5\libgcc.a(_exit.o)
 .text          0x00000092        0x0 c:/sdk_win_64/sdk_win_64/winavr/bin/../lib/gcc/avr/4.3.3/avr5\libgcc.a(_copy_data.o)
 .text          0x00000092        0x0 c:/sdk_win_64/sdk_win_64/winavr/bin/../lib/gcc/avr/4.3.3/avr5\libgcc.a(_clear_bss.o)
 .text          0x00000092       0x58 c:/sdk_win_64/sdk_win_64/winavr/bin/../lib/gcc/avr/4.3.3/avr5\libgcc.a(_fixunssfsi.o)
                0x00000092                __fixunssfsi
 .text          0x000000ea      0x354 c:/sdk_win_64/sdk_win_64/winavr/bin/../lib/gcc/avr/4.3.3/avr5\libgcc.a(_addsub_sf.o)
                0x00000382                __subsf3
                0x000003e4                __addsf3
 .text          0x0000043e      0x1f4 c:/sdk_win_64/sdk_win_64/winavr/bin/../lib/gcc/avr/4.3.3/avr5\libgcc.a(_mul_sf.o)
                0x0000043e                __mulsf3
 .text          0x00000632      0x158 c:/sdk_win_64/sdk_win_64/winavr/bin/../lib/gcc/avr/4.3.3/avr5\libgcc.a(_div_sf.o)
                0x00000632                __divsf3
 .text          0x0000078a       0x60 c:/sdk_win_64/sdk_win_64/winavr/bin/../lib/gcc/avr/4.3.3/avr5\libgcc.a(_ne_sf.o)
                0x0000078a                __nesf2
 .text          0x000007ea       0x60 c:/sdk_win_64/sdk_win_64/winavr/bin/../lib/gcc/avr/4.3.3/avr5\libgcc.a(_gt_sf.o)
                0x000007ea                __gtsf2
 .text          0x0000084a       0x60 c:/sdk_win_64/sdk_win_64/winavr/bin/../lib/gcc/avr/4.3.3/avr5\libgcc.a(_ge_sf.o)
                0x0000084a                __gesf2
 .text          0x000008aa       0x60 c:/sdk_win_64/sdk_win_64/winavr/bin/../lib/gcc/avr/4.3.3/avr5\libgcc.a(_lt_sf.o)
                0x000008aa                __ltsf2
 .text          0x0000090a       0x60 c:/sdk_win_64/sdk_win_64/winavr/bin/../lib/gcc/avr/4.3.3/avr5\libgcc.a(_le_sf.o)
                0x0000090a                __lesf2
 .text          0x0000096a       0xa8 c:/sdk_win_64/sdk_win_64/winavr/bin/../lib/gcc/avr/4.3.3/avr5\libgcc.a(_sf_to_si.o)
                0x0000096a                __fixsfsi
 .text          0x00000a12        0x0 c:/sdk_win_64/sdk_win_64/winavr/bin/../lib/gcc/avr/4.3.3/avr5\libgcc.a(_thenan_sf.o)
 .text          0x00000a12       0xf2 c:/sdk_win_64/sdk_win_64/winavr/bin/../lib/gcc/avr/4.3.3/avr5\libgcc.a(_usi_to_sf.o)
                0x00000a12                __floatunsisf
 .text          0x00000b04        0x0 c:/sdk_win_64/sdk_win_64/winavr/bin/../lib/gcc/avr/4.3.3/avr5\libgcc.a(_prologue.o)
 .text          0x00000b04        0x0 c:/sdk_win_64/sdk_win_64/winavr/bin/../lib/gcc/avr/4.3.3/avr5\libgcc.a(_epilogue.o)
 .text          0x00000b04       0x9e c:/sdk_win_64/sdk_win_64/winavr/bin/../lib/gcc/avr/4.3.3/avr5\libgcc.a(_clzsi2.o)
                0x00000b04                __clzsi2
 .text          0x00000ba2      0x1aa c:/sdk_win_64/sdk_win_64/winavr/bin/../lib/gcc/avr/4.3.3/avr5\libgcc.a(_pack_sf.o)
                0x00000ba2                __pack_f
 .text          0x00000d4c       0xf0 c:/sdk_win_64/sdk_win_64/winavr/bin/../lib/gcc/avr/4.3.3/avr5\libgcc.a(_unpack_sf.o)
                0x00000d4c                __unpack_f
 .text          0x00000e3c       0xb2 c:/sdk_win_64/sdk_win_64/winavr/bin/../lib/gcc/avr/4.3.3/avr5\libgcc.a(_fpcmp_parts_sf.o)
                0x00000e3c                __fpcmp_parts_f
 .text          0x00000eee        0x0 c:/sdk_win_64/sdk_win_64/winavr/bin/../lib/gcc/avr/4.3.3/avr5\libgcc.a(_clz.o)
                0x00000eee                . = ALIGN (0x2)
 *(.text.*)
 .text.USART_enu_Initialization
                0x00000eee      0x116 ./MCAL/USART/USART_Program.o
                0x00000eee                USART_enu_Initialization
 .text.USART_enu_SendData
                0x00001004       0x4a ./MCAL/USART/USART_Program.o
                0x00001004                USART_enu_SendData
 .text.USART_enu_ReceiveData
                0x0000104e       0x60 ./MCAL/USART/USART_Program.o
                0x0000104e                USART_enu_ReceiveData
 .text.USART_enu_SendString
                0x000010ae       0x62 ./MCAL/USART/USART_Program.o
                0x000010ae                USART_enu_SendString
 .text.USART_enu_SetCallBack
                0x00001110       0x54 ./MCAL/USART/USART_Program.o
                0x00001110                USART_enu_SetCallBack
 .text.Timer_enu_Initialization
                0x00001164      0x1a4 ./MCAL/Timer/Timer_Program.o
                0x00001164                Timer_enu_Initialization
 .text.Timer_enu_SetOCRxValue
                0x00001308       0x6e ./MCAL/Timer/Timer_Program.o
                0x00001308                Timer_enu_SetOCRxValue
 .text.Timer_enu_SetTCNTxValue
                0x00001376       0x6c ./MCAL/Timer/Timer_Program.o
                0x00001376                Timer_enu_SetTCNTxValue
 .text.Timer_enu_ReadTCNTxValue
                0x000013e2       0x90 ./MCAL/Timer/Timer_Program.o
                0x000013e2                Timer_enu_ReadTCNTxValue
 .text.Timer_enu_SetClock
                0x00001472       0x2c ./MCAL/Timer/Timer_Program.o
                0x00001472                Timer_enu_SetClock
 .text.Timer_enu_SetDutyCycleForPWM
                0x0000149e      0x338 ./MCAL/Timer/Timer_Program.o
                0x0000149e                Timer_enu_SetDutyCycleForPWM
 .text.Timer_enu_ForceCompareMatch
                0x000017d6       0x76 ./MCAL/Timer/Timer_Program.o
                0x000017d6                Timer_enu_ForceCompareMatch
 .text.Timer_enu_SetTimerMode
                0x0000184c       0x2c ./MCAL/Timer/Timer_Program.o
                0x0000184c                Timer_enu_SetTimerMode
 .text.Timer_enu_SetFOCx
                0x00001878       0x74 ./MCAL/Timer/Timer_Program.o
                0x00001878                Timer_enu_SetFOCx
 .text.Timer_enu_TimeDelay
                0x000018ec       0x22 ./MCAL/Timer/Timer_Program.o
                0x000018ec                Timer_enu_TimeDelay
 .text.Timer_enu_SetCallBack
                0x0000190e      0x10a ./MCAL/Timer/Timer_Program.o
                0x0000190e                Timer_enu_SetCallBack
 .text.Timer_enu_GetPSUsed
                0x00001a18      0x114 ./MCAL/Timer/Timer_Program.o
                0x00001a18                Timer_enu_GetPSUsed
 .text.Timer_enu_GetTovx
                0x00001b2c       0x44 ./MCAL/Timer/Timer_Program.o
                0x00001b2c                Timer_enu_GetTovx
 .text.Timer_enu_SetTovx
                0x00001b70       0x3a ./MCAL/Timer/Timer_Program.o
                0x00001b70                Timer_enu_SetTovx
 .text.Timer_enu_EnableInterruptMode
                0x00001baa       0x2a ./MCAL/Timer/Timer_Program.o
                0x00001baa                Timer_enu_EnableInterruptMode
 .text.Timer_enu_DisableInterruptMode
                0x00001bd4       0x2a ./MCAL/Timer/Timer_Program.o
                0x00001bd4                Timer_enu_DisableInterruptMode
 .text.__vector_4
                0x00001bfe       0x2c ./MCAL/Timer/Timer_Program.o
                0x00001bfe                __vector_4
 .text.__vector_5
                0x00001c2a       0x2c ./MCAL/Timer/Timer_Program.o
                0x00001c2a                __vector_5
 .text.__vector_10
                0x00001c56       0x2c ./MCAL/Timer/Timer_Program.o
                0x00001c56                __vector_10
 .text.__vector_11
                0x00001c82       0x6e ./MCAL/Timer/Timer_Program.o
                0x00001c82                __vector_11
 .text.enu_SetTimerMode
                0x00001cf0      0x194 ./MCAL/Timer/Timer_Program.o
 .text.enu_SetClockSelection
                0x00001e84      0x44c ./MCAL/Timer/Timer_Program.o
 .text.enu_SetInterruptMode
                0x000022d0      0x138 ./MCAL/Timer/Timer_Program.o
 .text.enu_SetOCxBehavior
                0x00002408      0x1e8 ./MCAL/Timer/Timer_Program.o
 .text.SREG_vid_EnableBitI
                0x000025f0       0x10 ./MCAL/SREG/SREG_Program.o
                0x000025f0                SREG_vid_EnableBitI
 .text.SREG_vid_ClearBitI
                0x00002600       0x10 ./MCAL/SREG/SREG_Program.o
                0x00002600                SREG_vid_ClearBitI
 .text.EXTI_enu_Initialization
                0x00002610       0xa4 ./MCAL/EXTI/EXTI_Program.o
                0x00002610                EXTI_enu_Initialization
 .text.EXTI_enu_ISC
                0x000026b4       0x2c ./MCAL/EXTI/EXTI_Program.o
                0x000026b4                EXTI_enu_ISC
 .text.EXTI_enu_INTMode
                0x000026e0       0x2c ./MCAL/EXTI/EXTI_Program.o
                0x000026e0                EXTI_enu_INTMode
 .text.EXTI_enu_GetPIF
                0x0000270c       0xac ./MCAL/EXTI/EXTI_Program.o
                0x0000270c                EXTI_enu_GetPIF
 .text.EXTI_enu_ClearINTFx
                0x000027b8       0x26 ./MCAL/EXTI/EXTI_Program.o
                0x000027b8                EXTI_enu_ClearINTFx
 .text.EXTI_enu_SetCallBack
                0x000027de       0x70 ./MCAL/EXTI/EXTI_Program.o
                0x000027de                EXTI_enu_SetCallBack
 .text.__vector_1
                0x0000284e       0x6e ./MCAL/EXTI/EXTI_Program.o
                0x0000284e                __vector_1
 .text.__vector_2
                0x000028bc       0x6e ./MCAL/EXTI/EXTI_Program.o
                0x000028bc                __vector_2
 .text.__vector_3
                0x0000292a       0x6a ./MCAL/EXTI/EXTI_Program.o
                0x0000292a                __vector_3
 .text.enu_SetMode
                0x00002994       0xf6 ./MCAL/EXTI/EXTI_Program.o
 .text.enu_SetSenseLevel
                0x00002a8a      0x14e ./MCAL/EXTI/EXTI_Program.o
 .text.enu_SetFlagValue
                0x00002bd8       0xf6 ./MCAL/EXTI/EXTI_Program.o
 .text.DIO_enu_Initialization
                0x00002cce       0x1a ./MCAL/DIO/DIO_Program.o
                0x00002cce                DIO_enu_Initialization
 .text.DIO_enu_SetPinDiretion
                0x00002ce8      0x1d8 ./MCAL/DIO/DIO_Program.o
                0x00002ce8                DIO_enu_SetPinDiretion
 .text.DIO_enu_SetPinState
                0x00002ec0      0x1d8 ./MCAL/DIO/DIO_Program.o
                0x00002ec0                DIO_enu_SetPinState
 .text.DIO_enu_SetPinValue
                0x00003098      0x1ee ./MCAL/DIO/DIO_Program.o
                0x00003098                DIO_enu_SetPinValue
 .text.DIO_enu_TogglePinValue
                0x00003286      0x116 ./MCAL/DIO/DIO_Program.o
                0x00003286                DIO_enu_TogglePinValue
 .text.DIO_enu_GetPinValue
                0x0000339c      0x13c ./MCAL/DIO/DIO_Program.o
                0x0000339c                DIO_enu_GetPinValue
 .text.ADC_enu_Initialization
                0x000034d8       0xbe ./MCAL/ADC/ADC_Program.o
                0x000034d8                ADC_enu_Initialization
 .text.ADC_enu_ReadPolling
                0x00003596       0xd4 ./MCAL/ADC/ADC_Program.o
                0x00003596                ADC_enu_ReadPolling
 .text.ADC_enu_StartConversion
                0x0000366a       0x28 ./MCAL/ADC/ADC_Program.o
                0x0000366a                ADC_enu_StartConversion
 .text.ADC_enu_SetTriggerringSource
                0x00003692       0x84 ./MCAL/ADC/ADC_Program.o
                0x00003692                ADC_enu_SetTriggerringSource
 .text.ADC_enu_ChangePrescalerFactor
                0x00003716       0x4e ./MCAL/ADC/ADC_Program.o
                0x00003716                ADC_enu_ChangePrescalerFactor
 .text.ADC_enu_ReadADCH
                0x00003764       0x4c ./MCAL/ADC/ADC_Program.o
                0x00003764                ADC_enu_ReadADCH
 .text.ADC_enu_ReadADCL
                0x000037b0       0x32 ./MCAL/ADC/ADC_Program.o
                0x000037b0                ADC_enu_ReadADCL
 .text.ADC_enu_ReadData
                0x000037e2       0x72 ./MCAL/ADC/ADC_Program.o
                0x000037e2                ADC_enu_ReadData
 .text.ADC_enu_EnableINT
                0x00003854       0x28 ./MCAL/ADC/ADC_Program.o
                0x00003854                ADC_enu_EnableINT
 .text.ADC_enu_DisableINT
                0x0000387c       0x28 ./MCAL/ADC/ADC_Program.o
                0x0000387c                ADC_enu_DisableINT
 .text.ADC_enu_EnableADC
                0x000038a4       0x28 ./MCAL/ADC/ADC_Program.o
                0x000038a4                ADC_enu_EnableADC
 .text.ADC_enu_DisableADC
                0x000038cc       0x28 ./MCAL/ADC/ADC_Program.o
                0x000038cc                ADC_enu_DisableADC
 .text.ADC_enu_SetCallBack
                0x000038f4       0x4e ./MCAL/ADC/ADC_Program.o
                0x000038f4                ADC_enu_SetCallBack
 .text.__vector_16
                0x00003942       0x6e ./MCAL/ADC/ADC_Program.o
                0x00003942                __vector_16
 .text.SW_enu_Initialization
                0x000039b0       0xda ./HAL/SW/SW_Program.o
                0x000039b0                SW_enu_Initialization
 .text.SW_enu_GetSwValue
                0x00003a8a       0x84 ./HAL/SW/SW_Program.o
                0x00003a8a                SW_enu_GetSwValue
 .text.Relay_enu_Initialization
                0x00003b0e       0x8e ./HAL/Relay/Relay_Program.o
                0x00003b0e                Relay_enu_Initialization
 .text.Relay_enu_TuronOnRelay
                0x00003b9c       0x5c ./HAL/Relay/Relay_Program.o
                0x00003b9c                Relay_enu_TuronOnRelay
 .text.Relay_enu_TuronOffRelay
                0x00003bf8       0x5c ./HAL/Relay/Relay_Program.o
                0x00003bf8                Relay_enu_TuronOffRelay
 .text.Relay_enu_TurnOnAllRelays
                0x00003c54       0x62 ./HAL/Relay/Relay_Program.o
                0x00003c54                Relay_enu_TurnOnAllRelays
 .text.Relay_enu_TurnOffAllRelays
                0x00003cb6       0x5e ./HAL/Relay/Relay_Program.o
                0x00003cb6                Relay_enu_TurnOffAllRelays
 .text.LED_enu_Initialization
                0x00003d14       0x8e ./HAL/LED/LED_Program.o
                0x00003d14                LED_enu_Initialization
 .text.LED_enu_TurnOnLED
                0x00003da2       0x5c ./HAL/LED/LED_Program.o
                0x00003da2                LED_enu_TurnOnLED
 .text.LED_enu_TurnOffLED
                0x00003dfe       0x5c ./HAL/LED/LED_Program.o
                0x00003dfe                LED_enu_TurnOffLED
 .text.LED_enu_TurnOnCombination
                0x00003e5a       0xa2 ./HAL/LED/LED_Program.o
                0x00003e5a                LED_enu_TurnOnCombination
 .text.LED_enu_TurnOnAllLEDs
                0x00003efc       0x60 ./HAL/LED/LED_Program.o
                0x00003efc                LED_enu_TurnOnAllLEDs
 .text.LED_enu_TurnOffAllLEDs
                0x00003f5c       0x60 ./HAL/LED/LED_Program.o
                0x00003f5c                LED_enu_TurnOffAllLEDs
 .text.LED_enu_GetLEDCount
                0x00003fbc       0x3c ./HAL/LED/LED_Program.o
                0x00003fbc                LED_enu_GetLEDCount
 .text.LCD_enu_Initialization
                0x00003ff8      0x2c2 ./HAL/LCD/LCD_Program.o
                0x00003ff8                LCD_enu_Initialization
 .text.LCD_enu_SendCommand
                0x000042ba       0x2e ./HAL/LCD/LCD_Program.o
                0x000042ba                LCD_enu_SendCommand
 .text.LCD_enu_SendData
                0x000042e8       0x2e ./HAL/LCD/LCD_Program.o
                0x000042e8                LCD_enu_SendData
 .text.LCD_enu_GoToPosition
                0x00004316       0x92 ./HAL/LCD/LCD_Program.o
                0x00004316                LCD_enu_GoToPosition
 .text.LCD_enu_SendString
                0x000043a8       0x5e ./HAL/LCD/LCD_Program.o
                0x000043a8                LCD_enu_SendString
 .text.LCD_enu_ClearPage
                0x00004406       0xbe ./HAL/LCD/LCD_Program.o
                0x00004406                LCD_enu_ClearPage
 .text.LCD_enu_DrawSpecialCharacter
                0x000044c4      0x1bc ./HAL/LCD/LCD_Program.o
                0x000044c4                LCD_enu_DrawSpecialCharacter
 .text.LCD_enu_WriteIntegerNum
                0x00004680      0x1d4 ./HAL/LCD/LCD_Program.o
                0x00004680                LCD_enu_WriteIntegerNum
 .text.LCD_enu_WriteFloatNum
                0x00004854      0x2ce ./HAL/LCD/LCD_Program.o
                0x00004854                LCD_enu_WriteFloatNum
 .text.enu_PassByteAndLatch
                0x00004b22      0x3ba ./HAL/LCD/LCD_Program.o
 .text.enu_AddCustomCharacter
                0x00004edc      0x132 ./HAL/LCD/LCD_Program.o
 .text.enu_ConvertDigitToASCII
                0x0000500e       0x50 ./HAL/LCD/LCD_Program.o
 .text.enu_ReverseInteger
                0x0000505e       0xfc ./HAL/LCD/LCD_Program.o
 .text.enu_ConvertFloatToInteger
                0x0000515a      0x176 ./HAL/LCD/LCD_Program.o
 .text.Keypad_enu_Initialization
                0x000052d0       0xf6 ./HAL/KEYPAD/Keypad_Program.o
                0x000052d0                Keypad_enu_Initialization
 .text.Keypad_enu_GetButtonPressedValue
                0x000053c6      0x30e ./HAL/KEYPAD/Keypad_Program.o
                0x000053c6                Keypad_enu_GetButtonPressedValue
 .text.ICU_enu_Initialization
                0x000056d4       0x56 ./HAL/ICU/ICU_Program.o
                0x000056d4                ICU_enu_Initialization
 .text.ICU_enu_StartCapture
                0x0000572a       0x42 ./HAL/ICU/ICU_Program.o
                0x0000572a                ICU_enu_StartCapture
 .text.ICU_enu_CalculateParameters
                0x0000576c      0x212 ./HAL/ICU/ICU_Program.o
                0x0000576c                ICU_enu_CalculateParameters
 .text.ICU_enu_GetState
                0x0000597e       0x36 ./HAL/ICU/ICU_Program.o
                0x0000597e                ICU_enu_GetState
 .text.vid_CapturingFunction
                0x000059b4      0x174 ./HAL/ICU/ICU_Program.o
                0x000059b4                vid_CapturingFunction
 .text.vid_IncrementOverFlowCounter
                0x00005b28       0x3c ./HAL/ICU/ICU_Program.o
                0x00005b28                vid_IncrementOverFlowCounter
 .text.Hexadecoder_enu_Initialization
                0x00005b64       0x56 ./HAL/Hexadecoder/Hexadecoder_Program.o
                0x00005b64                Hexadecoder_enu_Initialization
 .text.Hexadecoder_enu_DisplayNum
                0x00005bba       0x76 ./HAL/Hexadecoder/Hexadecoder_Program.o
                0x00005bba                Hexadecoder_enu_DisplayNum
 .text.Hexadecoder_enu_EnableSSG
                0x00005c30       0x60 ./HAL/Hexadecoder/Hexadecoder_Program.o
                0x00005c30                Hexadecoder_enu_EnableSSG
 .text.Hexadecoder_enu_DisableSSG
                0x00005c90       0x60 ./HAL/Hexadecoder/Hexadecoder_Program.o
                0x00005c90                Hexadecoder_enu_DisableSSG
 .text.Hexadecoder_enu_StopDisplay
                0x00005cf0       0x2c ./HAL/Hexadecoder/Hexadecoder_Program.o
                0x00005cf0                Hexadecoder_enu_StopDisplay
 .text.Buzzer_enu_Initialization
                0x00005d1c       0x8e ./HAL/Buzzer/Buzzer_Program.o
                0x00005d1c                Buzzer_enu_Initialization
 .text.Buzzer_enu_TuronOnBuzzer
                0x00005daa       0x5c ./HAL/Buzzer/Buzzer_Program.o
                0x00005daa                Buzzer_enu_TuronOnBuzzer
 .text.Buzzer_enu_TuronOffBuzzer
                0x00005e06       0x5c ./HAL/Buzzer/Buzzer_Program.o
                0x00005e06                Buzzer_enu_TuronOffBuzzer
 .text.Buzzer_enu_TurnOnAllBuzzers
                0x00005e62       0x62 ./HAL/Buzzer/Buzzer_Program.o
                0x00005e62                Buzzer_enu_TurnOnAllBuzzers
 .text.Buzzer_enu_TurnOffAllBuzzers
                0x00005ec4       0x5e ./HAL/Buzzer/Buzzer_Program.o
                0x00005ec4                Buzzer_enu_TurnOffAllBuzzers
 .text.main     0x00005f22       0x44 ./APP/Main.o
                0x00005f22                main
 .text.libgcc   0x00005f66       0x3e c:/sdk_win_64/sdk_win_64/winavr/bin/../lib/gcc/avr/4.3.3/avr5\libgcc.a(_mulsi3.o)
                0x00005f66                __mulsi3
 .text.libgcc   0x00005fa4       0x44 c:/sdk_win_64/sdk_win_64/winavr/bin/../lib/gcc/avr/4.3.3/avr5\libgcc.a(_udivmodsi4.o)
                0x00005fa4                __udivmodsi4
 .text.libgcc   0x00005fe8       0x36 c:/sdk_win_64/sdk_win_64/winavr/bin/../lib/gcc/avr/4.3.3/avr5\libgcc.a(_divmodsi4.o)
                0x00005fe8                __divmodsi4
 .text.libgcc   0x0000601e        0x0 c:/sdk_win_64/sdk_win_64/winavr/bin/../lib/gcc/avr/4.3.3/avr5\libgcc.a(_exit.o)
 .text.libgcc   0x0000601e        0x0 c:/sdk_win_64/sdk_win_64/winavr/bin/../lib/gcc/avr/4.3.3/avr5\libgcc.a(_copy_data.o)
 .text.libgcc   0x0000601e        0x0 c:/sdk_win_64/sdk_win_64/winavr/bin/../lib/gcc/avr/4.3.3/avr5\libgcc.a(_clear_bss.o)
 .text.libgcc   0x0000601e       0x38 c:/sdk_win_64/sdk_win_64/winavr/bin/../lib/gcc/avr/4.3.3/avr5\libgcc.a(_prologue.o)
                0x0000601e                __prologue_saves__
 .text.libgcc   0x00006056       0x36 c:/sdk_win_64/sdk_win_64/winavr/bin/../lib/gcc/avr/4.3.3/avr5\libgcc.a(_epilogue.o)
                0x00006056                __epilogue_restores__
                0x0000608c                . = ALIGN (0x2)
 *(.fini9)
 .fini9         0x0000608c        0x0 c:/sdk_win_64/sdk_win_64/winavr/bin/../lib/gcc/avr/4.3.3/avr5\libgcc.a(_exit.o)
                0x0000608c                exit
                0x0000608c                _exit
 *(.fini9)
 *(.fini8)
 *(.fini8)
 *(.fini7)
 *(.fini7)
 *(.fini6)
 *(.fini6)
 *(.fini5)
 *(.fini5)
 *(.fini4)
 *(.fini4)
 *(.fini3)
 *(.fini3)
 *(.fini2)
 *(.fini2)
 *(.fini1)
 *(.fini1)
 *(.fini0)
 .fini0         0x0000608c        0x4 c:/sdk_win_64/sdk_win_64/winavr/bin/../lib/gcc/avr/4.3.3/avr5\libgcc.a(_exit.o)
 *(.fini0)
                0x00006090                _etext = .

.data           0x00800060      0x144 load address 0x00006090
                0x00800060                PROVIDE (__data_start, .)
 *(.data)
 .data          0x00800060        0x0 c:/sdk_win_64/sdk_win_64/winavr/bin/../lib/gcc/avr/4.3.3/../../../../avr/lib/avr5/crtm32.o
 .data          0x00800060        0x0 ./TMU/TMU_Program.o
 .data          0x00800060        0x0 ./MCAL/USART/USART_Program.o
 .data          0x00800060        0x0 ./MCAL/Timers/Timers_Config.o
 .data          0x00800060        0x0 ./MCAL/Timers/Timers_Program.o
 .data          0x00800060        0x0 ./MCAL/Timer/Timer_Config.o
 .data          0x00800060        0x0 ./MCAL/Timer/Timer_Program.o
 .data          0x00800060        0x0 ./MCAL/SREG/SREG_Program.o
 .data          0x00800060        0x0 ./MCAL/PWM/PWM_Config.o
 .data          0x00800060        0x0 ./MCAL/PWM/PWM_Program.o
 .data          0x00800060        0x0 ./MCAL/EXTI/EXTI_Config.o
 .data          0x00800060        0x0 ./MCAL/EXTI/EXTI_Program.o
 .data          0x00800060        0x0 ./MCAL/DIO/DIO_Program.o
 .data          0x00800060        0x0 ./MCAL/ADC/ADC_Program.o
 .data          0x00800060        0x0 ./HAL/SW/SW_Config.o
 .data          0x00800060        0x0 ./HAL/SW/SW_Program.o
 .data          0x00800060        0x0 ./HAL/Relay/Relay_Config.o
 .data          0x00800060        0x0 ./HAL/Relay/Relay_Program.o
 .data          0x00800060        0x0 ./HAL/LED/LED_Config.o
 .data          0x00800060        0x0 ./HAL/LED/LED_Program.o
 .data          0x00800060        0x0 ./HAL/LCD/LCD_Program.o
 .data          0x00800060        0x0 ./HAL/KEYPAD/Keypad_Program.o
 .data          0x00800060        0x0 ./HAL/ICU/ICU_Program.o
 .data          0x00800060        0x0 ./HAL/Hexadecoder/Hexadecoder_Program.o
 .data          0x00800060        0x0 ./HAL/Buzzer/Buzzer_Config.o
 .data          0x00800060        0x0 ./HAL/Buzzer/Buzzer_Program.o
 .data          0x00800060        0x0 ./APP/Main.o
 .data          0x00800060        0x0 c:/sdk_win_64/sdk_win_64/winavr/bin/../lib/gcc/avr/4.3.3/avr5\libgcc.a(_mulsi3.o)
 .data          0x00800060        0x0 c:/sdk_win_64/sdk_win_64/winavr/bin/../lib/gcc/avr/4.3.3/avr5\libgcc.a(_udivmodsi4.o)
 .data          0x00800060        0x0 c:/sdk_win_64/sdk_win_64/winavr/bin/../lib/gcc/avr/4.3.3/avr5\libgcc.a(_divmodsi4.o)
 .data          0x00800060        0x0 c:/sdk_win_64/sdk_win_64/winavr/bin/../lib/gcc/avr/4.3.3/avr5\libgcc.a(_exit.o)
 .data          0x00800060        0x0 c:/sdk_win_64/sdk_win_64/winavr/bin/../lib/gcc/avr/4.3.3/avr5\libgcc.a(_copy_data.o)
 .data          0x00800060        0x0 c:/sdk_win_64/sdk_win_64/winavr/bin/../lib/gcc/avr/4.3.3/avr5\libgcc.a(_clear_bss.o)
 .data          0x00800060        0x0 c:/sdk_win_64/sdk_win_64/winavr/bin/../lib/gcc/avr/4.3.3/avr5\libgcc.a(_fixunssfsi.o)
 .data          0x00800060        0x0 c:/sdk_win_64/sdk_win_64/winavr/bin/../lib/gcc/avr/4.3.3/avr5\libgcc.a(_addsub_sf.o)
 .data          0x00800060        0x0 c:/sdk_win_64/sdk_win_64/winavr/bin/../lib/gcc/avr/4.3.3/avr5\libgcc.a(_mul_sf.o)
 .data          0x00800060        0x0 c:/sdk_win_64/sdk_win_64/winavr/bin/../lib/gcc/avr/4.3.3/avr5\libgcc.a(_div_sf.o)
 .data          0x00800060        0x0 c:/sdk_win_64/sdk_win_64/winavr/bin/../lib/gcc/avr/4.3.3/avr5\libgcc.a(_ne_sf.o)
 .data          0x00800060        0x0 c:/sdk_win_64/sdk_win_64/winavr/bin/../lib/gcc/avr/4.3.3/avr5\libgcc.a(_gt_sf.o)
 .data          0x00800060        0x0 c:/sdk_win_64/sdk_win_64/winavr/bin/../lib/gcc/avr/4.3.3/avr5\libgcc.a(_ge_sf.o)
 .data          0x00800060        0x0 c:/sdk_win_64/sdk_win_64/winavr/bin/../lib/gcc/avr/4.3.3/avr5\libgcc.a(_lt_sf.o)
 .data          0x00800060        0x0 c:/sdk_win_64/sdk_win_64/winavr/bin/../lib/gcc/avr/4.3.3/avr5\libgcc.a(_le_sf.o)
 .data          0x00800060        0x0 c:/sdk_win_64/sdk_win_64/winavr/bin/../lib/gcc/avr/4.3.3/avr5\libgcc.a(_sf_to_si.o)
 .data          0x00800060        0x8 c:/sdk_win_64/sdk_win_64/winavr/bin/../lib/gcc/avr/4.3.3/avr5\libgcc.a(_thenan_sf.o)
                0x00800060                __thenan_sf
 .data          0x00800068        0x0 c:/sdk_win_64/sdk_win_64/winavr/bin/../lib/gcc/avr/4.3.3/avr5\libgcc.a(_usi_to_sf.o)
 .data          0x00800068        0x0 c:/sdk_win_64/sdk_win_64/winavr/bin/../lib/gcc/avr/4.3.3/avr5\libgcc.a(_prologue.o)
 .data          0x00800068        0x0 c:/sdk_win_64/sdk_win_64/winavr/bin/../lib/gcc/avr/4.3.3/avr5\libgcc.a(_epilogue.o)
 .data          0x00800068        0x0 c:/sdk_win_64/sdk_win_64/winavr/bin/../lib/gcc/avr/4.3.3/avr5\libgcc.a(_clzsi2.o)
 .data          0x00800068        0x0 c:/sdk_win_64/sdk_win_64/winavr/bin/../lib/gcc/avr/4.3.3/avr5\libgcc.a(_pack_sf.o)
 .data          0x00800068        0x0 c:/sdk_win_64/sdk_win_64/winavr/bin/../lib/gcc/avr/4.3.3/avr5\libgcc.a(_unpack_sf.o)
 .data          0x00800068        0x0 c:/sdk_win_64/sdk_win_64/winavr/bin/../lib/gcc/avr/4.3.3/avr5\libgcc.a(_fpcmp_parts_sf.o)
 .data          0x00800068      0x100 c:/sdk_win_64/sdk_win_64/winavr/bin/../lib/gcc/avr/4.3.3/avr5\libgcc.a(_clz.o)
                0x00800068                __clz_tab
 *(.data*)
 .data.Timer_u8_TimerCount
                0x00800168        0x1 ./MCAL/Timer/Timer_Config.o
                0x00800168                Timer_u8_TimerCount
 .data.Timer_astr_TimerList
                0x00800169        0x5 ./MCAL/Timer/Timer_Config.o
                0x00800169                Timer_astr_TimerList
 .data.EXTI_u8_INTCount
                0x0080016e        0x1 ./MCAL/EXTI/EXTI_Config.o
                0x0080016e                EXTI_u8_INTCount
 .data.EXTI_astr_INTList
                0x0080016f        0x3 ./MCAL/EXTI/EXTI_Config.o
                0x0080016f                EXTI_astr_INTList
 .data.SW_u8_SwCount
                0x00800172        0x1 ./HAL/SW/SW_Config.o
                0x00800172                SW_u8_SwCount
 .data.SW_astr_SwList
                0x00800173        0x3 ./HAL/SW/SW_Config.o
                0x00800173                SW_astr_SwList
 .data.Relay_u8_RelayCount
                0x00800176        0x1 ./HAL/Relay/Relay_Config.o
                0x00800176                Relay_u8_RelayCount
 .data.Relay_astr_RelayList
                0x00800177        0x2 ./HAL/Relay/Relay_Config.o
                0x00800177                Relay_astr_RelayList
 .data.LED_u8_LEDsCount
                0x00800179        0x1 ./HAL/LED/LED_Config.o
                0x00800179                LED_u8_LEDsCount
 .data.LED_astr_LEDsList
                0x0080017a        0x6 ./HAL/LED/LED_Config.o
                0x0080017a                LED_astr_LEDsList
 .data.Keypad_au8_Rows
                0x00800180        0x8 ./HAL/KEYPAD/Keypad_Program.o
                0x00800180                Keypad_au8_Rows
 .data.Keypad_au8_Columns
                0x00800188        0x8 ./HAL/KEYPAD/Keypad_Program.o
                0x00800188                Keypad_au8_Columns
 .data.Buzzer_u8_BuzzerCount
                0x00800190        0x1 ./HAL/Buzzer/Buzzer_Config.o
                0x00800190                Buzzer_u8_BuzzerCount
 .data.Buzzer_astr_BuzzerList
                0x00800191        0x2 ./HAL/Buzzer/Buzzer_Config.o
                0x00800191                Buzzer_astr_BuzzerList
 *(.rodata)
 *(.rodata*)
 .rodata.C.3.1365
                0x00800193       0x10 ./HAL/KEYPAD/Keypad_Program.o
 *(.gnu.linkonce.d*)
                0x008001a4                . = ALIGN (0x2)
 *fill*         0x008001a3        0x1 00
                0x008001a4                _edata = .
                0x008001a4                PROVIDE (__data_end, .)

.bss            0x008001a4       0x4b
                0x008001a4                PROVIDE (__bss_start, .)
 *(.bss)
 .bss           0x008001a4        0x0 c:/sdk_win_64/sdk_win_64/winavr/bin/../lib/gcc/avr/4.3.3/../../../../avr/lib/avr5/crtm32.o
 .bss           0x008001a4        0x0 ./TMU/TMU_Program.o
 .bss           0x008001a4        0x0 ./MCAL/USART/USART_Program.o
 .bss           0x008001a4        0x0 ./MCAL/Timers/Timers_Config.o
 .bss           0x008001a4        0x0 ./MCAL/Timers/Timers_Program.o
 .bss           0x008001a4        0x0 ./MCAL/Timer/Timer_Config.o
 .bss           0x008001a4        0x0 ./MCAL/Timer/Timer_Program.o
 .bss           0x008001a4        0x0 ./MCAL/SREG/SREG_Program.o
 .bss           0x008001a4        0x0 ./MCAL/PWM/PWM_Config.o
 .bss           0x008001a4        0x0 ./MCAL/PWM/PWM_Program.o
 .bss           0x008001a4        0x0 ./MCAL/EXTI/EXTI_Config.o
 .bss           0x008001a4        0x0 ./MCAL/EXTI/EXTI_Program.o
 .bss           0x008001a4        0x0 ./MCAL/DIO/DIO_Program.o
 .bss           0x008001a4        0x0 ./MCAL/ADC/ADC_Program.o
 .bss           0x008001a4        0x0 ./HAL/SW/SW_Config.o
 .bss           0x008001a4        0x0 ./HAL/SW/SW_Program.o
 .bss           0x008001a4        0x0 ./HAL/Relay/Relay_Config.o
 .bss           0x008001a4        0x0 ./HAL/Relay/Relay_Program.o
 .bss           0x008001a4        0x0 ./HAL/LED/LED_Config.o
 .bss           0x008001a4        0x0 ./HAL/LED/LED_Program.o
 .bss           0x008001a4        0x0 ./HAL/LCD/LCD_Program.o
 .bss           0x008001a4        0x0 ./HAL/KEYPAD/Keypad_Program.o
 .bss           0x008001a4        0x0 ./HAL/ICU/ICU_Program.o
 .bss           0x008001a4        0x0 ./HAL/Hexadecoder/Hexadecoder_Program.o
 .bss           0x008001a4        0x0 ./HAL/Buzzer/Buzzer_Config.o
 .bss           0x008001a4        0x0 ./HAL/Buzzer/Buzzer_Program.o
 .bss           0x008001a4        0x0 ./APP/Main.o
 .bss           0x008001a4        0x0 c:/sdk_win_64/sdk_win_64/winavr/bin/../lib/gcc/avr/4.3.3/avr5\libgcc.a(_mulsi3.o)
 .bss           0x008001a4        0x0 c:/sdk_win_64/sdk_win_64/winavr/bin/../lib/gcc/avr/4.3.3/avr5\libgcc.a(_udivmodsi4.o)
 .bss           0x008001a4        0x0 c:/sdk_win_64/sdk_win_64/winavr/bin/../lib/gcc/avr/4.3.3/avr5\libgcc.a(_divmodsi4.o)
 .bss           0x008001a4        0x0 c:/sdk_win_64/sdk_win_64/winavr/bin/../lib/gcc/avr/4.3.3/avr5\libgcc.a(_exit.o)
 .bss           0x008001a4        0x0 c:/sdk_win_64/sdk_win_64/winavr/bin/../lib/gcc/avr/4.3.3/avr5\libgcc.a(_copy_data.o)
 .bss           0x008001a4        0x0 c:/sdk_win_64/sdk_win_64/winavr/bin/../lib/gcc/avr/4.3.3/avr5\libgcc.a(_clear_bss.o)
 .bss           0x008001a4        0x0 c:/sdk_win_64/sdk_win_64/winavr/bin/../lib/gcc/avr/4.3.3/avr5\libgcc.a(_fixunssfsi.o)
 .bss           0x008001a4        0x0 c:/sdk_win_64/sdk_win_64/winavr/bin/../lib/gcc/avr/4.3.3/avr5\libgcc.a(_addsub_sf.o)
 .bss           0x008001a4        0x0 c:/sdk_win_64/sdk_win_64/winavr/bin/../lib/gcc/avr/4.3.3/avr5\libgcc.a(_mul_sf.o)
 .bss           0x008001a4        0x0 c:/sdk_win_64/sdk_win_64/winavr/bin/../lib/gcc/avr/4.3.3/avr5\libgcc.a(_div_sf.o)
 .bss           0x008001a4        0x0 c:/sdk_win_64/sdk_win_64/winavr/bin/../lib/gcc/avr/4.3.3/avr5\libgcc.a(_ne_sf.o)
 .bss           0x008001a4        0x0 c:/sdk_win_64/sdk_win_64/winavr/bin/../lib/gcc/avr/4.3.3/avr5\libgcc.a(_gt_sf.o)
 .bss           0x008001a4        0x0 c:/sdk_win_64/sdk_win_64/winavr/bin/../lib/gcc/avr/4.3.3/avr5\libgcc.a(_ge_sf.o)
 .bss           0x008001a4        0x0 c:/sdk_win_64/sdk_win_64/winavr/bin/../lib/gcc/avr/4.3.3/avr5\libgcc.a(_lt_sf.o)
 .bss           0x008001a4        0x0 c:/sdk_win_64/sdk_win_64/winavr/bin/../lib/gcc/avr/4.3.3/avr5\libgcc.a(_le_sf.o)
 .bss           0x008001a4        0x0 c:/sdk_win_64/sdk_win_64/winavr/bin/../lib/gcc/avr/4.3.3/avr5\libgcc.a(_sf_to_si.o)
 .bss           0x008001a4        0x0 c:/sdk_win_64/sdk_win_64/winavr/bin/../lib/gcc/avr/4.3.3/avr5\libgcc.a(_thenan_sf.o)
 .bss           0x008001a4        0x0 c:/sdk_win_64/sdk_win_64/winavr/bin/../lib/gcc/avr/4.3.3/avr5\libgcc.a(_usi_to_sf.o)
 .bss           0x008001a4        0x0 c:/sdk_win_64/sdk_win_64/winavr/bin/../lib/gcc/avr/4.3.3/avr5\libgcc.a(_prologue.o)
 .bss           0x008001a4        0x0 c:/sdk_win_64/sdk_win_64/winavr/bin/../lib/gcc/avr/4.3.3/avr5\libgcc.a(_epilogue.o)
 .bss           0x008001a4        0x0 c:/sdk_win_64/sdk_win_64/winavr/bin/../lib/gcc/avr/4.3.3/avr5\libgcc.a(_clzsi2.o)
 .bss           0x008001a4        0x0 c:/sdk_win_64/sdk_win_64/winavr/bin/../lib/gcc/avr/4.3.3/avr5\libgcc.a(_pack_sf.o)
 .bss           0x008001a4        0x0 c:/sdk_win_64/sdk_win_64/winavr/bin/../lib/gcc/avr/4.3.3/avr5\libgcc.a(_unpack_sf.o)
 .bss           0x008001a4        0x0 c:/sdk_win_64/sdk_win_64/winavr/bin/../lib/gcc/avr/4.3.3/avr5\libgcc.a(_fpcmp_parts_sf.o)
 .bss           0x008001a4        0x0 c:/sdk_win_64/sdk_win_64/winavr/bin/../lib/gcc/avr/4.3.3/avr5\libgcc.a(_clz.o)
 *(.bss*)
 .bss.pfun_ISR  0x008001a4        0x2 ./MCAL/USART/USART_Program.o
                0x008001a4                pfun_ISR
 .bss.pvid_ParamtersOfISrs
                0x008001a6        0x2 ./MCAL/USART/USART_Program.o
                0x008001a6                pvid_ParamtersOfISrs
 .bss.apfun_ISRpointers
                0x008001a8       0x10 ./MCAL/Timer/Timer_Program.o
 .bss.apvid_ISRParameters
                0x008001b8       0x10 ./MCAL/Timer/Timer_Program.o
 .bss.pfun_ISRPointers
                0x008001c8        0x6 ./MCAL/EXTI/EXTI_Program.o
 .bss.apvid_ISRParameters
                0x008001ce        0x6 ./MCAL/EXTI/EXTI_Program.o
 .bss.pfun_ISRPointer
                0x008001d4        0x2 ./MCAL/ADC/ADC_Program.o
 .bss.pvid_ISRParameters
                0x008001d6        0x2 ./MCAL/ADC/ADC_Program.o
 .bss.LOC_u8_State
                0x008001d8        0x1 ./HAL/ICU/ICU_Program.o
 .bss.LOC_u32_PeriodCounts
                0x008001d9        0x4 ./HAL/ICU/ICU_Program.o
 .bss.LOC_u32_TonCounts
                0x008001dd        0x4 ./HAL/ICU/ICU_Program.o
 .bss.LOC_au32_NumberOfOverflowsArray
                0x008001e1        0xc ./HAL/ICU/ICU_Program.o
 .bss.LOC_u16_Timer_PS
                0x008001ed        0x2 ./HAL/ICU/ICU_Program.o
 *(COMMON)
                0x008001ef                PROVIDE (__bss_end, .)
                0x00006090                __data_load_start = LOADADDR (.data)
                0x000061d4                __data_load_end = (__data_load_start + SIZEOF (.data))

.noinit         0x008001ef        0x0
                0x008001ef                PROVIDE (__noinit_start, .)
 *(.noinit*)
                0x008001ef                PROVIDE (__noinit_end, .)
                0x008001ef                _end = .
                0x008001ef                PROVIDE (__heap_start, .)

.eeprom         0x00810000        0x0
 *(.eeprom*)
                0x00810000                __eeprom_end = .

.fuse
 *(.fuse)
 *(.lfuse)
 *(.hfuse)
 *(.efuse)

.lock
 *(.lock*)

.signature
 *(.signature*)

.stab           0x00000000     0x8e14
 *(.stab)
 .stab          0x00000000       0xe4 ./TMU/TMU_Program.o
 .stab          0x000000e4      0x6e4 ./MCAL/USART/USART_Program.o
                                0x6f0 (size before relaxing)
 .stab          0x000007c8       0xd8 ./MCAL/Timers/Timers_Config.o
                                 0xe4 (size before relaxing)
 .stab          0x000008a0       0xd8 ./MCAL/Timers/Timers_Program.o
                                 0xe4 (size before relaxing)
 .stab          0x00000978      0x318 ./MCAL/Timer/Timer_Config.o
                                0x324 (size before relaxing)
 .stab          0x00000c90     0x19a4 ./MCAL/Timer/Timer_Program.o
                               0x1ba8 (size before relaxing)
 .stab          0x00002634      0x138 ./MCAL/SREG/SREG_Program.o
                                0x144 (size before relaxing)
 .stab          0x0000276c       0xd8 ./MCAL/PWM/PWM_Config.o
                                 0xe4 (size before relaxing)
 .stab          0x00002844       0xd8 ./MCAL/PWM/PWM_Program.o
                                 0xe4 (size before relaxing)
 .stab          0x0000291c      0x210 ./MCAL/EXTI/EXTI_Config.o
                                0x21c (size before relaxing)
 .stab          0x00002b2c      0xabc ./MCAL/EXTI/EXTI_Program.o
                                0xbc4 (size before relaxing)
 .stab          0x000035e8      0x774 ./MCAL/DIO/DIO_Program.o
                                0x780 (size before relaxing)
 .stab          0x00003d5c      0xa74 ./MCAL/ADC/ADC_Program.o
                                0xa80 (size before relaxing)
 .stab          0x000047d0      0x210 ./HAL/SW/SW_Config.o
                                0x21c (size before relaxing)
 .stab          0x000049e0      0x27c ./HAL/SW/SW_Program.o
                                0x384 (size before relaxing)
 .stab          0x00004c5c      0x210 ./HAL/Relay/Relay_Config.o
                                0x21c (size before relaxing)
 .stab          0x00004e6c      0x414 ./HAL/Relay/Relay_Program.o
                                0x51c (size before relaxing)
 .stab          0x00005280      0x228 ./HAL/LED/LED_Config.o
                                0x234 (size before relaxing)
 .stab          0x000054a8      0x6a8 ./HAL/LED/LED_Program.o
                                0x6cc (size before relaxing)
 .stab          0x00005b50     0x1848 ./HAL/LCD/LCD_Program.o
                               0x1854 (size before relaxing)
 .stab          0x00007398      0x5ac ./HAL/KEYPAD/Keypad_Program.o
                                0x744 (size before relaxing)
 .stab          0x00007944      0x654 ./HAL/ICU/ICU_Program.o
                                0x660 (size before relaxing)
 .stab          0x00007f98      0x528 ./HAL/Hexadecoder/Hexadecoder_Program.o
                                0x534 (size before relaxing)
 .stab          0x000084c0      0x210 ./HAL/Buzzer/Buzzer_Config.o
                                0x21c (size before relaxing)
 .stab          0x000086d0      0x414 ./HAL/Buzzer/Buzzer_Program.o
                                0x51c (size before relaxing)
 .stab          0x00008ae4      0x330 ./APP/Main.o
                                0x4bc (size before relaxing)

.stabstr        0x00000000     0x3e24
 *(.stabstr)
 .stabstr       0x00000000     0x3e24 ./TMU/TMU_Program.o

.stab.excl
 *(.stab.excl)

.stab.exclstr
 *(.stab.exclstr)

.stab.index
 *(.stab.index)

.stab.indexstr
 *(.stab.indexstr)

.comment
 *(.comment)

.debug
 *(.debug)

.line
 *(.line)

.debug_srcinfo
 *(.debug_srcinfo)

.debug_sfnames
 *(.debug_sfnames)

.debug_aranges  0x00000000      0x1e0
 *(.debug_aranges)
 .debug_aranges
                0x00000000       0x20 c:/sdk_win_64/sdk_win_64/winavr/bin/../lib/gcc/avr/4.3.3/avr5\libgcc.a(_fixunssfsi.o)
 .debug_aranges
                0x00000020       0x20 c:/sdk_win_64/sdk_win_64/winavr/bin/../lib/gcc/avr/4.3.3/avr5\libgcc.a(_addsub_sf.o)
 .debug_aranges
                0x00000040       0x20 c:/sdk_win_64/sdk_win_64/winavr/bin/../lib/gcc/avr/4.3.3/avr5\libgcc.a(_mul_sf.o)
 .debug_aranges
                0x00000060       0x20 c:/sdk_win_64/sdk_win_64/winavr/bin/../lib/gcc/avr/4.3.3/avr5\libgcc.a(_div_sf.o)
 .debug_aranges
                0x00000080       0x20 c:/sdk_win_64/sdk_win_64/winavr/bin/../lib/gcc/avr/4.3.3/avr5\libgcc.a(_ne_sf.o)
 .debug_aranges
                0x000000a0       0x20 c:/sdk_win_64/sdk_win_64/winavr/bin/../lib/gcc/avr/4.3.3/avr5\libgcc.a(_gt_sf.o)
 .debug_aranges
                0x000000c0       0x20 c:/sdk_win_64/sdk_win_64/winavr/bin/../lib/gcc/avr/4.3.3/avr5\libgcc.a(_ge_sf.o)
 .debug_aranges
                0x000000e0       0x20 c:/sdk_win_64/sdk_win_64/winavr/bin/../lib/gcc/avr/4.3.3/avr5\libgcc.a(_lt_sf.o)
 .debug_aranges
                0x00000100       0x20 c:/sdk_win_64/sdk_win_64/winavr/bin/../lib/gcc/avr/4.3.3/avr5\libgcc.a(_le_sf.o)
 .debug_aranges
                0x00000120       0x20 c:/sdk_win_64/sdk_win_64/winavr/bin/../lib/gcc/avr/4.3.3/avr5\libgcc.a(_sf_to_si.o)
 .debug_aranges
                0x00000140       0x20 c:/sdk_win_64/sdk_win_64/winavr/bin/../lib/gcc/avr/4.3.3/avr5\libgcc.a(_usi_to_sf.o)
 .debug_aranges
                0x00000160       0x20 c:/sdk_win_64/sdk_win_64/winavr/bin/../lib/gcc/avr/4.3.3/avr5\libgcc.a(_clzsi2.o)
 .debug_aranges
                0x00000180       0x20 c:/sdk_win_64/sdk_win_64/winavr/bin/../lib/gcc/avr/4.3.3/avr5\libgcc.a(_pack_sf.o)
 .debug_aranges
                0x000001a0       0x20 c:/sdk_win_64/sdk_win_64/winavr/bin/../lib/gcc/avr/4.3.3/avr5\libgcc.a(_unpack_sf.o)
 .debug_aranges
                0x000001c0       0x20 c:/sdk_win_64/sdk_win_64/winavr/bin/../lib/gcc/avr/4.3.3/avr5\libgcc.a(_fpcmp_parts_sf.o)

.debug_pubnames
                0x00000000      0x22e
 *(.debug_pubnames)
 .debug_pubnames
                0x00000000       0x23 c:/sdk_win_64/sdk_win_64/winavr/bin/../lib/gcc/avr/4.3.3/avr5\libgcc.a(_fixunssfsi.o)
 .debug_pubnames
                0x00000023       0x2c c:/sdk_win_64/sdk_win_64/winavr/bin/../lib/gcc/avr/4.3.3/avr5\libgcc.a(_addsub_sf.o)
 .debug_pubnames
                0x0000004f       0x1f c:/sdk_win_64/sdk_win_64/winavr/bin/../lib/gcc/avr/4.3.3/avr5\libgcc.a(_mul_sf.o)
 .debug_pubnames
                0x0000006e       0x1f c:/sdk_win_64/sdk_win_64/winavr/bin/../lib/gcc/avr/4.3.3/avr5\libgcc.a(_div_sf.o)
 .debug_pubnames
                0x0000008d       0x1e c:/sdk_win_64/sdk_win_64/winavr/bin/../lib/gcc/avr/4.3.3/avr5\libgcc.a(_ne_sf.o)
 .debug_pubnames
                0x000000ab       0x1e c:/sdk_win_64/sdk_win_64/winavr/bin/../lib/gcc/avr/4.3.3/avr5\libgcc.a(_gt_sf.o)
 .debug_pubnames
                0x000000c9       0x1e c:/sdk_win_64/sdk_win_64/winavr/bin/../lib/gcc/avr/4.3.3/avr5\libgcc.a(_ge_sf.o)
 .debug_pubnames
                0x000000e7       0x1e c:/sdk_win_64/sdk_win_64/winavr/bin/../lib/gcc/avr/4.3.3/avr5\libgcc.a(_lt_sf.o)
 .debug_pubnames
                0x00000105       0x1e c:/sdk_win_64/sdk_win_64/winavr/bin/../lib/gcc/avr/4.3.3/avr5\libgcc.a(_le_sf.o)
 .debug_pubnames
                0x00000123       0x20 c:/sdk_win_64/sdk_win_64/winavr/bin/../lib/gcc/avr/4.3.3/avr5\libgcc.a(_sf_to_si.o)
 .debug_pubnames
                0x00000143       0x22 c:/sdk_win_64/sdk_win_64/winavr/bin/../lib/gcc/avr/4.3.3/avr5\libgcc.a(_thenan_sf.o)
 .debug_pubnames
                0x00000165       0x24 c:/sdk_win_64/sdk_win_64/winavr/bin/../lib/gcc/avr/4.3.3/avr5\libgcc.a(_usi_to_sf.o)
 .debug_pubnames
                0x00000189       0x1f c:/sdk_win_64/sdk_win_64/winavr/bin/../lib/gcc/avr/4.3.3/avr5\libgcc.a(_clzsi2.o)
 .debug_pubnames
                0x000001a8       0x1f c:/sdk_win_64/sdk_win_64/winavr/bin/../lib/gcc/avr/4.3.3/avr5\libgcc.a(_pack_sf.o)
 .debug_pubnames
                0x000001c7       0x21 c:/sdk_win_64/sdk_win_64/winavr/bin/../lib/gcc/avr/4.3.3/avr5\libgcc.a(_unpack_sf.o)
 .debug_pubnames
                0x000001e8       0x26 c:/sdk_win_64/sdk_win_64/winavr/bin/../lib/gcc/avr/4.3.3/avr5\libgcc.a(_fpcmp_parts_sf.o)
 .debug_pubnames
                0x0000020e       0x20 c:/sdk_win_64/sdk_win_64/winavr/bin/../lib/gcc/avr/4.3.3/avr5\libgcc.a(_clz.o)

.debug_info     0x00000000     0x2909
 *(.debug_info)
 .debug_info    0x00000000       0xb1 c:/sdk_win_64/sdk_win_64/winavr/bin/../lib/gcc/avr/4.3.3/avr5\libgcc.a(_fixunssfsi.o)
 .debug_info    0x000000b1      0x47a c:/sdk_win_64/sdk_win_64/winavr/bin/../lib/gcc/avr/4.3.3/avr5\libgcc.a(_addsub_sf.o)
 .debug_info    0x0000052b      0x485 c:/sdk_win_64/sdk_win_64/winavr/bin/../lib/gcc/avr/4.3.3/avr5\libgcc.a(_mul_sf.o)
 .debug_info    0x000009b0      0x3fc c:/sdk_win_64/sdk_win_64/winavr/bin/../lib/gcc/avr/4.3.3/avr5\libgcc.a(_div_sf.o)
 .debug_info    0x00000dac      0x27f c:/sdk_win_64/sdk_win_64/winavr/bin/../lib/gcc/avr/4.3.3/avr5\libgcc.a(_ne_sf.o)
 .debug_info    0x0000102b      0x27f c:/sdk_win_64/sdk_win_64/winavr/bin/../lib/gcc/avr/4.3.3/avr5\libgcc.a(_gt_sf.o)
 .debug_info    0x000012aa      0x27f c:/sdk_win_64/sdk_win_64/winavr/bin/../lib/gcc/avr/4.3.3/avr5\libgcc.a(_ge_sf.o)
 .debug_info    0x00001529      0x27f c:/sdk_win_64/sdk_win_64/winavr/bin/../lib/gcc/avr/4.3.3/avr5\libgcc.a(_lt_sf.o)
 .debug_info    0x000017a8      0x27f c:/sdk_win_64/sdk_win_64/winavr/bin/../lib/gcc/avr/4.3.3/avr5\libgcc.a(_le_sf.o)
 .debug_info    0x00001a27      0x2b0 c:/sdk_win_64/sdk_win_64/winavr/bin/../lib/gcc/avr/4.3.3/avr5\libgcc.a(_sf_to_si.o)
 .debug_info    0x00001cd7      0x12c c:/sdk_win_64/sdk_win_64/winavr/bin/../lib/gcc/avr/4.3.3/avr5\libgcc.a(_thenan_sf.o)
 .debug_info    0x00001e03      0x206 c:/sdk_win_64/sdk_win_64/winavr/bin/../lib/gcc/avr/4.3.3/avr5\libgcc.a(_usi_to_sf.o)
 .debug_info    0x00002009      0x117 c:/sdk_win_64/sdk_win_64/winavr/bin/../lib/gcc/avr/4.3.3/avr5\libgcc.a(_clzsi2.o)
 .debug_info    0x00002120      0x2df c:/sdk_win_64/sdk_win_64/winavr/bin/../lib/gcc/avr/4.3.3/avr5\libgcc.a(_pack_sf.o)
 .debug_info    0x000023ff      0x251 c:/sdk_win_64/sdk_win_64/winavr/bin/../lib/gcc/avr/4.3.3/avr5\libgcc.a(_unpack_sf.o)
 .debug_info    0x00002650      0x210 c:/sdk_win_64/sdk_win_64/winavr/bin/../lib/gcc/avr/4.3.3/avr5\libgcc.a(_fpcmp_parts_sf.o)
 .debug_info    0x00002860       0xa9 c:/sdk_win_64/sdk_win_64/winavr/bin/../lib/gcc/avr/4.3.3/avr5\libgcc.a(_clz.o)
 *(.gnu.linkonce.wi.*)

.debug_abbrev   0x00000000     0x163a
 *(.debug_abbrev)
 .debug_abbrev  0x00000000       0x5d c:/sdk_win_64/sdk_win_64/winavr/bin/../lib/gcc/avr/4.3.3/avr5\libgcc.a(_fixunssfsi.o)
 .debug_abbrev  0x0000005d      0x1ea c:/sdk_win_64/sdk_win_64/winavr/bin/../lib/gcc/avr/4.3.3/avr5\libgcc.a(_addsub_sf.o)
 .debug_abbrev  0x00000247      0x21b c:/sdk_win_64/sdk_win_64/winavr/bin/../lib/gcc/avr/4.3.3/avr5\libgcc.a(_mul_sf.o)
 .debug_abbrev  0x00000462      0x216 c:/sdk_win_64/sdk_win_64/winavr/bin/../lib/gcc/avr/4.3.3/avr5\libgcc.a(_div_sf.o)
 .debug_abbrev  0x00000678      0x15a c:/sdk_win_64/sdk_win_64/winavr/bin/../lib/gcc/avr/4.3.3/avr5\libgcc.a(_ne_sf.o)
 .debug_abbrev  0x000007d2      0x15a c:/sdk_win_64/sdk_win_64/winavr/bin/../lib/gcc/avr/4.3.3/avr5\libgcc.a(_gt_sf.o)
 .debug_abbrev  0x0000092c      0x15a c:/sdk_win_64/sdk_win_64/winavr/bin/../lib/gcc/avr/4.3.3/avr5\libgcc.a(_ge_sf.o)
 .debug_abbrev  0x00000a86      0x15a c:/sdk_win_64/sdk_win_64/winavr/bin/../lib/gcc/avr/4.3.3/avr5\libgcc.a(_lt_sf.o)
 .debug_abbrev  0x00000be0      0x15a c:/sdk_win_64/sdk_win_64/winavr/bin/../lib/gcc/avr/4.3.3/avr5\libgcc.a(_le_sf.o)
 .debug_abbrev  0x00000d3a      0x17f c:/sdk_win_64/sdk_win_64/winavr/bin/../lib/gcc/avr/4.3.3/avr5\libgcc.a(_sf_to_si.o)
 .debug_abbrev  0x00000eb9       0xad c:/sdk_win_64/sdk_win_64/winavr/bin/../lib/gcc/avr/4.3.3/avr5\libgcc.a(_thenan_sf.o)
 .debug_abbrev  0x00000f66      0x157 c:/sdk_win_64/sdk_win_64/winavr/bin/../lib/gcc/avr/4.3.3/avr5\libgcc.a(_usi_to_sf.o)
 .debug_abbrev  0x000010bd       0xc4 c:/sdk_win_64/sdk_win_64/winavr/bin/../lib/gcc/avr/4.3.3/avr5\libgcc.a(_clzsi2.o)
 .debug_abbrev  0x00001181      0x1c0 c:/sdk_win_64/sdk_win_64/winavr/bin/../lib/gcc/avr/4.3.3/avr5\libgcc.a(_pack_sf.o)
 .debug_abbrev  0x00001341      0x154 c:/sdk_win_64/sdk_win_64/winavr/bin/../lib/gcc/avr/4.3.3/avr5\libgcc.a(_unpack_sf.o)
 .debug_abbrev  0x00001495      0x13b c:/sdk_win_64/sdk_win_64/winavr/bin/../lib/gcc/avr/4.3.3/avr5\libgcc.a(_fpcmp_parts_sf.o)
 .debug_abbrev  0x000015d0       0x6a c:/sdk_win_64/sdk_win_64/winavr/bin/../lib/gcc/avr/4.3.3/avr5\libgcc.a(_clz.o)

.debug_line     0x00000000     0x137c
 *(.debug_line)
 .debug_line    0x00000000       0xa7 c:/sdk_win_64/sdk_win_64/winavr/bin/../lib/gcc/avr/4.3.3/avr5\libgcc.a(_fixunssfsi.o)
 .debug_line    0x000000a7      0x2af c:/sdk_win_64/sdk_win_64/winavr/bin/../lib/gcc/avr/4.3.3/avr5\libgcc.a(_addsub_sf.o)
 .debug_line    0x00000356      0x239 c:/sdk_win_64/sdk_win_64/winavr/bin/../lib/gcc/avr/4.3.3/avr5\libgcc.a(_mul_sf.o)
 .debug_line    0x0000058f      0x1d5 c:/sdk_win_64/sdk_win_64/winavr/bin/../lib/gcc/avr/4.3.3/avr5\libgcc.a(_div_sf.o)
 .debug_line    0x00000764       0xd3 c:/sdk_win_64/sdk_win_64/winavr/bin/../lib/gcc/avr/4.3.3/avr5\libgcc.a(_ne_sf.o)
 .debug_line    0x00000837       0xd3 c:/sdk_win_64/sdk_win_64/winavr/bin/../lib/gcc/avr/4.3.3/avr5\libgcc.a(_gt_sf.o)
 .debug_line    0x0000090a       0xd3 c:/sdk_win_64/sdk_win_64/winavr/bin/../lib/gcc/avr/4.3.3/avr5\libgcc.a(_ge_sf.o)
 .debug_line    0x000009dd       0xd3 c:/sdk_win_64/sdk_win_64/winavr/bin/../lib/gcc/avr/4.3.3/avr5\libgcc.a(_lt_sf.o)
 .debug_line    0x00000ab0       0xd3 c:/sdk_win_64/sdk_win_64/winavr/bin/../lib/gcc/avr/4.3.3/avr5\libgcc.a(_le_sf.o)
 .debug_line    0x00000b83      0x109 c:/sdk_win_64/sdk_win_64/winavr/bin/../lib/gcc/avr/4.3.3/avr5\libgcc.a(_sf_to_si.o)
 .debug_line    0x00000c8c       0x90 c:/sdk_win_64/sdk_win_64/winavr/bin/../lib/gcc/avr/4.3.3/avr5\libgcc.a(_thenan_sf.o)
 .debug_line    0x00000d1c      0x133 c:/sdk_win_64/sdk_win_64/winavr/bin/../lib/gcc/avr/4.3.3/avr5\libgcc.a(_usi_to_sf.o)
 .debug_line    0x00000e4f       0xa5 c:/sdk_win_64/sdk_win_64/winavr/bin/../lib/gcc/avr/4.3.3/avr5\libgcc.a(_clzsi2.o)
 .debug_line    0x00000ef4      0x18a c:/sdk_win_64/sdk_win_64/winavr/bin/../lib/gcc/avr/4.3.3/avr5\libgcc.a(_pack_sf.o)
 .debug_line    0x0000107e      0x14b c:/sdk_win_64/sdk_win_64/winavr/bin/../lib/gcc/avr/4.3.3/avr5\libgcc.a(_unpack_sf.o)
 .debug_line    0x000011c9      0x137 c:/sdk_win_64/sdk_win_64/winavr/bin/../lib/gcc/avr/4.3.3/avr5\libgcc.a(_fpcmp_parts_sf.o)
 .debug_line    0x00001300       0x7c c:/sdk_win_64/sdk_win_64/winavr/bin/../lib/gcc/avr/4.3.3/avr5\libgcc.a(_clz.o)

.debug_frame    0x00000000      0x200
 *(.debug_frame)
 .debug_frame   0x00000000       0x20 c:/sdk_win_64/sdk_win_64/winavr/bin/../lib/gcc/avr/4.3.3/avr5\libgcc.a(_fixunssfsi.o)
 .debug_frame   0x00000020       0x40 c:/sdk_win_64/sdk_win_64/winavr/bin/../lib/gcc/avr/4.3.3/avr5\libgcc.a(_addsub_sf.o)
 .debug_frame   0x00000060       0x20 c:/sdk_win_64/sdk_win_64/winavr/bin/../lib/gcc/avr/4.3.3/avr5\libgcc.a(_mul_sf.o)
 .debug_frame   0x00000080       0x20 c:/sdk_win_64/sdk_win_64/winavr/bin/../lib/gcc/avr/4.3.3/avr5\libgcc.a(_div_sf.o)
 .debug_frame   0x000000a0       0x20 c:/sdk_win_64/sdk_win_64/winavr/bin/../lib/gcc/avr/4.3.3/avr5\libgcc.a(_ne_sf.o)
 .debug_frame   0x000000c0       0x20 c:/sdk_win_64/sdk_win_64/winavr/bin/../lib/gcc/avr/4.3.3/avr5\libgcc.a(_gt_sf.o)
 .debug_frame   0x000000e0       0x20 c:/sdk_win_64/sdk_win_64/winavr/bin/../lib/gcc/avr/4.3.3/avr5\libgcc.a(_ge_sf.o)
 .debug_frame   0x00000100       0x20 c:/sdk_win_64/sdk_win_64/winavr/bin/../lib/gcc/avr/4.3.3/avr5\libgcc.a(_lt_sf.o)
 .debug_frame   0x00000120       0x20 c:/sdk_win_64/sdk_win_64/winavr/bin/../lib/gcc/avr/4.3.3/avr5\libgcc.a(_le_sf.o)
 .debug_frame   0x00000140       0x20 c:/sdk_win_64/sdk_win_64/winavr/bin/../lib/gcc/avr/4.3.3/avr5\libgcc.a(_sf_to_si.o)
 .debug_frame   0x00000160       0x20 c:/sdk_win_64/sdk_win_64/winavr/bin/../lib/gcc/avr/4.3.3/avr5\libgcc.a(_usi_to_sf.o)
 .debug_frame   0x00000180       0x20 c:/sdk_win_64/sdk_win_64/winavr/bin/../lib/gcc/avr/4.3.3/avr5\libgcc.a(_clzsi2.o)
 .debug_frame   0x000001a0       0x20 c:/sdk_win_64/sdk_win_64/winavr/bin/../lib/gcc/avr/4.3.3/avr5\libgcc.a(_pack_sf.o)
 .debug_frame   0x000001c0       0x20 c:/sdk_win_64/sdk_win_64/winavr/bin/../lib/gcc/avr/4.3.3/avr5\libgcc.a(_unpack_sf.o)
 .debug_frame   0x000001e0       0x20 c:/sdk_win_64/sdk_win_64/winavr/bin/../lib/gcc/avr/4.3.3/avr5\libgcc.a(_fpcmp_parts_sf.o)

.debug_str      0x00000000      0x306
 *(.debug_str)
 .debug_str     0x00000000       0xbf c:/sdk_win_64/sdk_win_64/winavr/bin/../lib/gcc/avr/4.3.3/avr5\libgcc.a(_fixunssfsi.o)
                                 0xfe (size before relaxing)
 .debug_str     0x000000bf      0x14d c:/sdk_win_64/sdk_win_64/winavr/bin/../lib/gcc/avr/4.3.3/avr5\libgcc.a(_addsub_sf.o)
                                0x206 (size before relaxing)
 .debug_str     0x0000020c       0x27 c:/sdk_win_64/sdk_win_64/winavr/bin/../lib/gcc/avr/4.3.3/avr5\libgcc.a(_mul_sf.o)
                                0x1bf (size before relaxing)
 .debug_str     0x00000233       0x35 c:/sdk_win_64/sdk_win_64/winavr/bin/../lib/gcc/avr/4.3.3/avr5\libgcc.a(_div_sf.o)
                                0x1c8 (size before relaxing)
 .debug_str     0x00000268        0x8 c:/sdk_win_64/sdk_win_64/winavr/bin/../lib/gcc/avr/4.3.3/avr5\libgcc.a(_ne_sf.o)
                                0x195 (size before relaxing)
 .debug_str     0x00000270        0x8 c:/sdk_win_64/sdk_win_64/winavr/bin/../lib/gcc/avr/4.3.3/avr5\libgcc.a(_gt_sf.o)
                                0x195 (size before relaxing)
 .debug_str     0x00000278        0x8 c:/sdk_win_64/sdk_win_64/winavr/bin/../lib/gcc/avr/4.3.3/avr5\libgcc.a(_ge_sf.o)
                                0x195 (size before relaxing)
 .debug_str     0x00000280        0x8 c:/sdk_win_64/sdk_win_64/winavr/bin/../lib/gcc/avr/4.3.3/avr5\libgcc.a(_lt_sf.o)
                                0x195 (size before relaxing)
 .debug_str     0x00000288        0x8 c:/sdk_win_64/sdk_win_64/winavr/bin/../lib/gcc/avr/4.3.3/avr5\libgcc.a(_le_sf.o)
                                0x195 (size before relaxing)
 .debug_str     0x00000290        0xa c:/sdk_win_64/sdk_win_64/winavr/bin/../lib/gcc/avr/4.3.3/avr5\libgcc.a(_sf_to_si.o)
                                0x19e (size before relaxing)
 .debug_str     0x00000000      0x103 c:/sdk_win_64/sdk_win_64/winavr/bin/../lib/gcc/avr/4.3.3/avr5\libgcc.a(_thenan_sf.o)
 .debug_str     0x0000029a       0x21 c:/sdk_win_64/sdk_win_64/winavr/bin/../lib/gcc/avr/4.3.3/avr5\libgcc.a(_usi_to_sf.o)
                                0x177 (size before relaxing)
 .debug_str     0x000002bb       0x20 c:/sdk_win_64/sdk_win_64/winavr/bin/../lib/gcc/avr/4.3.3/avr5\libgcc.a(_clzsi2.o)
                                0x111 (size before relaxing)
 .debug_str     0x000002db       0x10 c:/sdk_win_64/sdk_win_64/winavr/bin/../lib/gcc/avr/4.3.3/avr5\libgcc.a(_pack_sf.o)
                                0x19d (size before relaxing)
 .debug_str     0x000002eb        0xb c:/sdk_win_64/sdk_win_64/winavr/bin/../lib/gcc/avr/4.3.3/avr5\libgcc.a(_unpack_sf.o)
                                0x17f (size before relaxing)
 .debug_str     0x000002f6       0x10 c:/sdk_win_64/sdk_win_64/winavr/bin/../lib/gcc/avr/4.3.3/avr5\libgcc.a(_fpcmp_parts_sf.o)
                                0x163 (size before relaxing)
 .debug_str     0x00000000       0xf4 c:/sdk_win_64/sdk_win_64/winavr/bin/../lib/gcc/avr/4.3.3/avr5\libgcc.a(_clz.o)

.debug_loc      0x00000000      0x9e6
 *(.debug_loc)
 .debug_loc     0x00000000       0x34 c:/sdk_win_64/sdk_win_64/winavr/bin/../lib/gcc/avr/4.3.3/avr5\libgcc.a(_fixunssfsi.o)
 .debug_loc     0x00000034      0x32a c:/sdk_win_64/sdk_win_64/winavr/bin/../lib/gcc/avr/4.3.3/avr5\libgcc.a(_addsub_sf.o)
 .debug_loc     0x0000035e      0x104 c:/sdk_win_64/sdk_win_64/winavr/bin/../lib/gcc/avr/4.3.3/avr5\libgcc.a(_mul_sf.o)
 .debug_loc     0x00000462       0xc0 c:/sdk_win_64/sdk_win_64/winavr/bin/../lib/gcc/avr/4.3.3/avr5\libgcc.a(_div_sf.o)
 .debug_loc     0x00000522       0x3c c:/sdk_win_64/sdk_win_64/winavr/bin/../lib/gcc/avr/4.3.3/avr5\libgcc.a(_ne_sf.o)
 .debug_loc     0x0000055e       0x3c c:/sdk_win_64/sdk_win_64/winavr/bin/../lib/gcc/avr/4.3.3/avr5\libgcc.a(_gt_sf.o)
 .debug_loc     0x0000059a       0x3c c:/sdk_win_64/sdk_win_64/winavr/bin/../lib/gcc/avr/4.3.3/avr5\libgcc.a(_ge_sf.o)
 .debug_loc     0x000005d6       0x3c c:/sdk_win_64/sdk_win_64/winavr/bin/../lib/gcc/avr/4.3.3/avr5\libgcc.a(_lt_sf.o)
 .debug_loc     0x00000612       0x3c c:/sdk_win_64/sdk_win_64/winavr/bin/../lib/gcc/avr/4.3.3/avr5\libgcc.a(_le_sf.o)
 .debug_loc     0x0000064e       0x7e c:/sdk_win_64/sdk_win_64/winavr/bin/../lib/gcc/avr/4.3.3/avr5\libgcc.a(_sf_to_si.o)
 .debug_loc     0x000006cc       0x4c c:/sdk_win_64/sdk_win_64/winavr/bin/../lib/gcc/avr/4.3.3/avr5\libgcc.a(_usi_to_sf.o)
 .debug_loc     0x00000718       0x94 c:/sdk_win_64/sdk_win_64/winavr/bin/../lib/gcc/avr/4.3.3/avr5\libgcc.a(_clzsi2.o)
 .debug_loc     0x000007ac      0x13e c:/sdk_win_64/sdk_win_64/winavr/bin/../lib/gcc/avr/4.3.3/avr5\libgcc.a(_pack_sf.o)
 .debug_loc     0x000008ea       0xac c:/sdk_win_64/sdk_win_64/winavr/bin/../lib/gcc/avr/4.3.3/avr5\libgcc.a(_unpack_sf.o)
 .debug_loc     0x00000996       0x50 c:/sdk_win_64/sdk_win_64/winavr/bin/../lib/gcc/avr/4.3.3/avr5\libgcc.a(_fpcmp_parts_sf.o)

.debug_macinfo
 *(.debug_macinfo)
OUTPUT(ModuleHub.elf elf32-avr)
LOAD linker stubs

.debug_ranges   0x00000000       0x50
 .debug_ranges  0x00000000       0x50 c:/sdk_win_64/sdk_win_64/winavr/bin/../lib/gcc/avr/4.3.3/avr5\libgcc.a(_mul_sf.o)
