Archive member included because of file (symbol)

c:/sdk_win_64/sdk_win_64/winavr/bin/../lib/gcc/avr/4.3.3/avr5\libgcc.a(_mulsi3.o)
                              ./HAL/LCD/LCD_Program.o (__mulsi3)
c:/sdk_win_64/sdk_win_64/winavr/bin/../lib/gcc/avr/4.3.3/avr5\libgcc.a(_udivmodsi4.o)
                              ./HAL/LCD/LCD_Program.o (__udivmodsi4)
c:/sdk_win_64/sdk_win_64/winavr/bin/../lib/gcc/avr/4.3.3/avr5\libgcc.a(_divmodsi4.o)
                              ./HAL/LCD/LCD_Program.o (__divmodsi4)
c:/sdk_win_64/sdk_win_64/winavr/bin/../lib/gcc/avr/4.3.3/avr5\libgcc.a(_exit.o)
                              c:/sdk_win_64/sdk_win_64/winavr/bin/../lib/gcc/avr/4.3.3/../../../../avr/lib/avr5/crtm32.o (exit)
c:/sdk_win_64/sdk_win_64/winavr/bin/../lib/gcc/avr/4.3.3/avr5\libgcc.a(_copy_data.o)
                              ./MCAL/Timer/Timer_Config.o (__do_copy_data)
c:/sdk_win_64/sdk_win_64/winavr/bin/../lib/gcc/avr/4.3.3/avr5\libgcc.a(_clear_bss.o)
                              ./MCAL/Timer/Timer_Program.o (__do_clear_bss)
c:/sdk_win_64/sdk_win_64/winavr/bin/../lib/gcc/avr/4.3.3/avr5\libgcc.a(_fixunssfsi.o)
                              ./MCAL/Timer/Timer_Program.o (__fixunssfsi)
c:/sdk_win_64/sdk_win_64/winavr/bin/../lib/gcc/avr/4.3.3/avr5\libgcc.a(_addsub_sf.o)
                              ./MCAL/Timer/Timer_Program.o (__subsf3)
c:/sdk_win_64/sdk_win_64/winavr/bin/../lib/gcc/avr/4.3.3/avr5\libgcc.a(_mul_sf.o)
                              ./MCAL/Timer/Timer_Program.o (__mulsf3)
c:/sdk_win_64/sdk_win_64/winavr/bin/../lib/gcc/avr/4.3.3/avr5\libgcc.a(_ne_sf.o)
                              ./HAL/LCD/LCD_Program.o (__nesf2)
c:/sdk_win_64/sdk_win_64/winavr/bin/../lib/gcc/avr/4.3.3/avr5\libgcc.a(_gt_sf.o)
                              ./HAL/LCD/LCD_Program.o (__gtsf2)
c:/sdk_win_64/sdk_win_64/winavr/bin/../lib/gcc/avr/4.3.3/avr5\libgcc.a(_ge_sf.o)
                              ./MCAL/Timer/Timer_Program.o (__gesf2)
c:/sdk_win_64/sdk_win_64/winavr/bin/../lib/gcc/avr/4.3.3/avr5\libgcc.a(_lt_sf.o)
                              ./HAL/LCD/LCD_Program.o (__ltsf2)
c:/sdk_win_64/sdk_win_64/winavr/bin/../lib/gcc/avr/4.3.3/avr5\libgcc.a(_le_sf.o)
                              ./MCAL/Timer/Timer_Program.o (__lesf2)
c:/sdk_win_64/sdk_win_64/winavr/bin/../lib/gcc/avr/4.3.3/avr5\libgcc.a(_sf_to_si.o)
                              c:/sdk_win_64/sdk_win_64/winavr/bin/../lib/gcc/avr/4.3.3/avr5\libgcc.a(_fixunssfsi.o) (__fixsfsi)
c:/sdk_win_64/sdk_win_64/winavr/bin/../lib/gcc/avr/4.3.3/avr5\libgcc.a(_thenan_sf.o)
                              c:/sdk_win_64/sdk_win_64/winavr/bin/../lib/gcc/avr/4.3.3/avr5\libgcc.a(_addsub_sf.o) (__thenan_sf)
c:/sdk_win_64/sdk_win_64/winavr/bin/../lib/gcc/avr/4.3.3/avr5\libgcc.a(_usi_to_sf.o)
                              ./HAL/LCD/LCD_Program.o (__floatunsisf)
c:/sdk_win_64/sdk_win_64/winavr/bin/../lib/gcc/avr/4.3.3/avr5\libgcc.a(_prologue.o)
                              c:/sdk_win_64/sdk_win_64/winavr/bin/../lib/gcc/avr/4.3.3/avr5\libgcc.a(_addsub_sf.o) (__prologue_saves__)
c:/sdk_win_64/sdk_win_64/winavr/bin/../lib/gcc/avr/4.3.3/avr5\libgcc.a(_epilogue.o)
                              c:/sdk_win_64/sdk_win_64/winavr/bin/../lib/gcc/avr/4.3.3/avr5\libgcc.a(_addsub_sf.o) (__epilogue_restores__)
c:/sdk_win_64/sdk_win_64/winavr/bin/../lib/gcc/avr/4.3.3/avr5\libgcc.a(_clzsi2.o)
                              c:/sdk_win_64/sdk_win_64/winavr/bin/../lib/gcc/avr/4.3.3/avr5\libgcc.a(_usi_to_sf.o) (__clzsi2)
c:/sdk_win_64/sdk_win_64/winavr/bin/../lib/gcc/avr/4.3.3/avr5\libgcc.a(_pack_sf.o)
                              c:/sdk_win_64/sdk_win_64/winavr/bin/../lib/gcc/avr/4.3.3/avr5\libgcc.a(_addsub_sf.o) (__pack_f)
c:/sdk_win_64/sdk_win_64/winavr/bin/../lib/gcc/avr/4.3.3/avr5\libgcc.a(_unpack_sf.o)
                              c:/sdk_win_64/sdk_win_64/winavr/bin/../lib/gcc/avr/4.3.3/avr5\libgcc.a(_addsub_sf.o) (__unpack_f)
c:/sdk_win_64/sdk_win_64/winavr/bin/../lib/gcc/avr/4.3.3/avr5\libgcc.a(_fpcmp_parts_sf.o)
                              c:/sdk_win_64/sdk_win_64/winavr/bin/../lib/gcc/avr/4.3.3/avr5\libgcc.a(_ne_sf.o) (__fpcmp_parts_f)
c:/sdk_win_64/sdk_win_64/winavr/bin/../lib/gcc/avr/4.3.3/avr5\libgcc.a(_clz.o)
                              c:/sdk_win_64/sdk_win_64/winavr/bin/../lib/gcc/avr/4.3.3/avr5\libgcc.a(_clzsi2.o) (__clz_tab)

Memory Configuration

Name             Origin             Length             Attributes
text             0x00000000         0x00020000         xr
data             0x00800060         0x0000ffa0         rw !x
eeprom           0x00810000         0x00010000         rw !x
fuse             0x00820000         0x00000400         rw !x
lock             0x00830000         0x00000400         rw !x
signature        0x00840000         0x00000400         rw !x
*default*        0x00000000         0xffffffff

Linker script and memory map

LOAD c:/sdk_win_64/sdk_win_64/winavr/bin/../lib/gcc/avr/4.3.3/../../../../avr/lib/avr5/crtm32.o
LOAD ./MCAL/Timer/Timer_Config.o
LOAD ./MCAL/Timer/Timer_Program.o
LOAD ./MCAL/SREG/SREG_Program.o
LOAD ./MCAL/EXTI/EXTI_Config.o
LOAD ./MCAL/EXTI/EXTI_Program.o
LOAD ./MCAL/DIO/DIO_Program.o
LOAD ./MCAL/ADC/ADC_Program.o
LOAD ./HAL/SW/SW_Config.o
LOAD ./HAL/SW/SW_Program.o
LOAD ./HAL/Relay/Relay_Config.o
LOAD ./HAL/Relay/Relay_Program.o
LOAD ./HAL/LED/LED_Config.o
LOAD ./HAL/LED/LED_Program.o
LOAD ./HAL/LCD/LCD_Program.o
LOAD ./HAL/KEYPAD/Keypad_Program.o
LOAD ./HAL/Hexadecoder/Hexadecoder_Program.o
LOAD ./HAL/Buzzer/Buzzer_Config.o
LOAD ./HAL/Buzzer/Buzzer_Program.o
LOAD ./APP/Main.o
LOAD c:/sdk_win_64/sdk_win_64/winavr/bin/../lib/gcc/avr/4.3.3/avr5\libgcc.a
LOAD c:/sdk_win_64/sdk_win_64/winavr/bin/../lib/gcc/avr/4.3.3/../../../../avr/lib/avr5\libc.a
LOAD c:/sdk_win_64/sdk_win_64/winavr/bin/../lib/gcc/avr/4.3.3/avr5\libgcc.a

.hash
 *(.hash)

.dynsym
 *(.dynsym)

.dynstr
 *(.dynstr)

.gnu.version
 *(.gnu.version)

.gnu.version_d
 *(.gnu.version_d)

.gnu.version_r
 *(.gnu.version_r)

.rel.init
 *(.rel.init)

.rela.init
 *(.rela.init)

.rel.text
 *(.rel.text)
 *(.rel.text.*)
 *(.rel.gnu.linkonce.t*)

.rela.text
 *(.rela.text)
 *(.rela.text.*)
 *(.rela.gnu.linkonce.t*)

.rel.fini
 *(.rel.fini)

.rela.fini
 *(.rela.fini)

.rel.rodata
 *(.rel.rodata)
 *(.rel.rodata.*)
 *(.rel.gnu.linkonce.r*)

.rela.rodata
 *(.rela.rodata)
 *(.rela.rodata.*)
 *(.rela.gnu.linkonce.r*)

.rel.data
 *(.rel.data)
 *(.rel.data.*)
 *(.rel.gnu.linkonce.d*)

.rela.data
 *(.rela.data)
 *(.rela.data.*)
 *(.rela.gnu.linkonce.d*)

.rel.ctors
 *(.rel.ctors)

.rela.ctors
 *(.rela.ctors)

.rel.dtors
 *(.rel.dtors)

.rela.dtors
 *(.rela.dtors)

.rel.got
 *(.rel.got)

.rela.got
 *(.rela.got)

.rel.bss
 *(.rel.bss)

.rela.bss
 *(.rela.bss)

.rel.plt
 *(.rel.plt)

.rela.plt
 *(.rela.plt)

.text           0x00000000     0x559c
 *(.vectors)
 .vectors       0x00000000       0x54 c:/sdk_win_64/sdk_win_64/winavr/bin/../lib/gcc/avr/4.3.3/../../../../avr/lib/avr5/crtm32.o
                0x00000000                __vectors
                0x00000000                __vector_default
 *(.vectors)
 *(.progmem.gcc*)
 *(.progmem*)
                0x00000054                . = ALIGN (0x2)
                0x00000054                __trampolines_start = .
 *(.trampolines)
 .trampolines   0x00000054        0x0 linker stubs
 *(.trampolines*)
                0x00000054                __trampolines_end = .
 *(.jumptables)
 *(.jumptables*)
 *(.lowtext)
 *(.lowtext*)
                0x00000054                __ctors_start = .
 *(.ctors)
                0x00000054                __ctors_end = .
                0x00000054                __dtors_start = .
 *(.dtors)
                0x00000054                __dtors_end = .
 SORT(*)(.ctors)
 SORT(*)(.dtors)
 *(.init0)
 .init0         0x00000054        0x0 c:/sdk_win_64/sdk_win_64/winavr/bin/../lib/gcc/avr/4.3.3/../../../../avr/lib/avr5/crtm32.o
                0x00000054                __init
 *(.init0)
 *(.init1)
 *(.init1)
 *(.init2)
 .init2         0x00000054        0xc c:/sdk_win_64/sdk_win_64/winavr/bin/../lib/gcc/avr/4.3.3/../../../../avr/lib/avr5/crtm32.o
 *(.init2)
 *(.init3)
 *(.init3)
 *(.init4)
 .init4         0x00000060       0x16 c:/sdk_win_64/sdk_win_64/winavr/bin/../lib/gcc/avr/4.3.3/avr5\libgcc.a(_copy_data.o)
                0x00000060                __do_copy_data
 .init4         0x00000076       0x10 c:/sdk_win_64/sdk_win_64/winavr/bin/../lib/gcc/avr/4.3.3/avr5\libgcc.a(_clear_bss.o)
                0x00000076                __do_clear_bss
 *(.init4)
 *(.init5)
 *(.init5)
 *(.init6)
 *(.init6)
 *(.init7)
 *(.init7)
 *(.init8)
 *(.init8)
 *(.init9)
 .init9         0x00000086        0x8 c:/sdk_win_64/sdk_win_64/winavr/bin/../lib/gcc/avr/4.3.3/../../../../avr/lib/avr5/crtm32.o
 *(.init9)
 *(.text)
 .text          0x0000008e        0x4 c:/sdk_win_64/sdk_win_64/winavr/bin/../lib/gcc/avr/4.3.3/../../../../avr/lib/avr5/crtm32.o
                0x0000008e                __vector_12
                0x0000008e                __bad_interrupt
                0x0000008e                __vector_6
                0x0000008e                __vector_13
                0x0000008e                __vector_17
                0x0000008e                __vector_19
                0x0000008e                __vector_7
                0x0000008e                __vector_9
                0x0000008e                __vector_15
                0x0000008e                __vector_8
                0x0000008e                __vector_14
                0x0000008e                __vector_18
                0x0000008e                __vector_20
 .text          0x00000092        0x0 ./MCAL/Timer/Timer_Config.o
 .text          0x00000092        0x0 ./MCAL/Timer/Timer_Program.o
 .text          0x00000092        0x0 ./MCAL/SREG/SREG_Program.o
 .text          0x00000092        0x0 ./MCAL/EXTI/EXTI_Config.o
 .text          0x00000092        0x0 ./MCAL/EXTI/EXTI_Program.o
 .text          0x00000092        0x0 ./MCAL/DIO/DIO_Program.o
 .text          0x00000092        0x0 ./MCAL/ADC/ADC_Program.o
 .text          0x00000092        0x0 ./HAL/SW/SW_Config.o
 .text          0x00000092        0x0 ./HAL/SW/SW_Program.o
 .text          0x00000092        0x0 ./HAL/Relay/Relay_Config.o
 .text          0x00000092        0x0 ./HAL/Relay/Relay_Program.o
 .text          0x00000092        0x0 ./HAL/LED/LED_Config.o
 .text          0x00000092        0x0 ./HAL/LED/LED_Program.o
 .text          0x00000092        0x0 ./HAL/LCD/LCD_Program.o
 .text          0x00000092        0x0 ./HAL/KEYPAD/Keypad_Program.o
 .text          0x00000092        0x0 ./HAL/Hexadecoder/Hexadecoder_Program.o
 .text          0x00000092        0x0 ./HAL/Buzzer/Buzzer_Config.o
 .text          0x00000092        0x0 ./HAL/Buzzer/Buzzer_Program.o
 .text          0x00000092        0x0 ./APP/Main.o
 .text          0x00000092        0x0 c:/sdk_win_64/sdk_win_64/winavr/bin/../lib/gcc/avr/4.3.3/avr5\libgcc.a(_mulsi3.o)
 .text          0x00000092        0x0 c:/sdk_win_64/sdk_win_64/winavr/bin/../lib/gcc/avr/4.3.3/avr5\libgcc.a(_udivmodsi4.o)
 .text          0x00000092        0x0 c:/sdk_win_64/sdk_win_64/winavr/bin/../lib/gcc/avr/4.3.3/avr5\libgcc.a(_divmodsi4.o)
 .text          0x00000092        0x0 c:/sdk_win_64/sdk_win_64/winavr/bin/../lib/gcc/avr/4.3.3/avr5\libgcc.a(_exit.o)
 .text          0x00000092        0x0 c:/sdk_win_64/sdk_win_64/winavr/bin/../lib/gcc/avr/4.3.3/avr5\libgcc.a(_copy_data.o)
 .text          0x00000092        0x0 c:/sdk_win_64/sdk_win_64/winavr/bin/../lib/gcc/avr/4.3.3/avr5\libgcc.a(_clear_bss.o)
 .text          0x00000092       0x58 c:/sdk_win_64/sdk_win_64/winavr/bin/../lib/gcc/avr/4.3.3/avr5\libgcc.a(_fixunssfsi.o)
                0x00000092                __fixunssfsi
 .text          0x000000ea      0x354 c:/sdk_win_64/sdk_win_64/winavr/bin/../lib/gcc/avr/4.3.3/avr5\libgcc.a(_addsub_sf.o)
                0x00000382                __subsf3
                0x000003e4                __addsf3
 .text          0x0000043e      0x1f4 c:/sdk_win_64/sdk_win_64/winavr/bin/../lib/gcc/avr/4.3.3/avr5\libgcc.a(_mul_sf.o)
                0x0000043e                __mulsf3
 .text          0x00000632       0x60 c:/sdk_win_64/sdk_win_64/winavr/bin/../lib/gcc/avr/4.3.3/avr5\libgcc.a(_ne_sf.o)
                0x00000632                __nesf2
 .text          0x00000692       0x60 c:/sdk_win_64/sdk_win_64/winavr/bin/../lib/gcc/avr/4.3.3/avr5\libgcc.a(_gt_sf.o)
                0x00000692                __gtsf2
 .text          0x000006f2       0x60 c:/sdk_win_64/sdk_win_64/winavr/bin/../lib/gcc/avr/4.3.3/avr5\libgcc.a(_ge_sf.o)
                0x000006f2                __gesf2
 .text          0x00000752       0x60 c:/sdk_win_64/sdk_win_64/winavr/bin/../lib/gcc/avr/4.3.3/avr5\libgcc.a(_lt_sf.o)
                0x00000752                __ltsf2
 .text          0x000007b2       0x60 c:/sdk_win_64/sdk_win_64/winavr/bin/../lib/gcc/avr/4.3.3/avr5\libgcc.a(_le_sf.o)
                0x000007b2                __lesf2
 .text          0x00000812       0xa8 c:/sdk_win_64/sdk_win_64/winavr/bin/../lib/gcc/avr/4.3.3/avr5\libgcc.a(_sf_to_si.o)
                0x00000812                __fixsfsi
 .text          0x000008ba        0x0 c:/sdk_win_64/sdk_win_64/winavr/bin/../lib/gcc/avr/4.3.3/avr5\libgcc.a(_thenan_sf.o)
 .text          0x000008ba       0xf2 c:/sdk_win_64/sdk_win_64/winavr/bin/../lib/gcc/avr/4.3.3/avr5\libgcc.a(_usi_to_sf.o)
                0x000008ba                __floatunsisf
 .text          0x000009ac        0x0 c:/sdk_win_64/sdk_win_64/winavr/bin/../lib/gcc/avr/4.3.3/avr5\libgcc.a(_prologue.o)
 .text          0x000009ac        0x0 c:/sdk_win_64/sdk_win_64/winavr/bin/../lib/gcc/avr/4.3.3/avr5\libgcc.a(_epilogue.o)
 .text          0x000009ac       0x9e c:/sdk_win_64/sdk_win_64/winavr/bin/../lib/gcc/avr/4.3.3/avr5\libgcc.a(_clzsi2.o)
                0x000009ac                __clzsi2
 .text          0x00000a4a      0x1aa c:/sdk_win_64/sdk_win_64/winavr/bin/../lib/gcc/avr/4.3.3/avr5\libgcc.a(_pack_sf.o)
                0x00000a4a                __pack_f
 .text          0x00000bf4       0xf0 c:/sdk_win_64/sdk_win_64/winavr/bin/../lib/gcc/avr/4.3.3/avr5\libgcc.a(_unpack_sf.o)
                0x00000bf4                __unpack_f
 .text          0x00000ce4       0xb2 c:/sdk_win_64/sdk_win_64/winavr/bin/../lib/gcc/avr/4.3.3/avr5\libgcc.a(_fpcmp_parts_sf.o)
                0x00000ce4                __fpcmp_parts_f
 .text          0x00000d96        0x0 c:/sdk_win_64/sdk_win_64/winavr/bin/../lib/gcc/avr/4.3.3/avr5\libgcc.a(_clz.o)
                0x00000d96                . = ALIGN (0x2)
 *(.text.*)
 .text.Timer_enu_Initialization
                0x00000d96      0x1a4 ./MCAL/Timer/Timer_Program.o
                0x00000d96                Timer_enu_Initialization
 .text.Timer_enu_SetOCRxValue
                0x00000f3a       0x6e ./MCAL/Timer/Timer_Program.o
                0x00000f3a                Timer_enu_SetOCRxValue
 .text.Timer_enu_SetTCNTxValue
                0x00000fa8       0x6c ./MCAL/Timer/Timer_Program.o
                0x00000fa8                Timer_enu_SetTCNTxValue
 .text.Timer_enu_ReadTCNTxValue
                0x00001014       0x90 ./MCAL/Timer/Timer_Program.o
                0x00001014                Timer_enu_ReadTCNTxValue
 .text.Timer_enu_SetClock
                0x000010a4       0x2c ./MCAL/Timer/Timer_Program.o
                0x000010a4                Timer_enu_SetClock
 .text.Timer_enu_SetDutyCycleForPWM
                0x000010d0      0x338 ./MCAL/Timer/Timer_Program.o
                0x000010d0                Timer_enu_SetDutyCycleForPWM
 .text.Timer_enu_ForceCompareMatch
                0x00001408       0x76 ./MCAL/Timer/Timer_Program.o
                0x00001408                Timer_enu_ForceCompareMatch
 .text.Timer_enu_SetTimerMode
                0x0000147e       0x2c ./MCAL/Timer/Timer_Program.o
                0x0000147e                Timer_enu_SetTimerMode
 .text.Timer_enu_SetCallBack
                0x000014aa      0x10a ./MCAL/Timer/Timer_Program.o
                0x000014aa                Timer_enu_SetCallBack
 .text.__vector_4
                0x000015b4       0x6e ./MCAL/Timer/Timer_Program.o
                0x000015b4                __vector_4
 .text.__vector_5
                0x00001622       0x6e ./MCAL/Timer/Timer_Program.o
                0x00001622                __vector_5
 .text.__vector_10
                0x00001690       0x6e ./MCAL/Timer/Timer_Program.o
                0x00001690                __vector_10
 .text.__vector_11
                0x000016fe       0x6e ./MCAL/Timer/Timer_Program.o
                0x000016fe                __vector_11
 .text.enu_SetTimerMode
                0x0000176c      0x194 ./MCAL/Timer/Timer_Program.o
 .text.enu_SetClockSelection
                0x00001900      0x44c ./MCAL/Timer/Timer_Program.o
 .text.enu_SetInterruptMode
                0x00001d4c      0x132 ./MCAL/Timer/Timer_Program.o
 .text.enu_SetOCxBehavior
                0x00001e7e      0x1e8 ./MCAL/Timer/Timer_Program.o
 .text.SREG_vid_EnableBitI
                0x00002066       0x10 ./MCAL/SREG/SREG_Program.o
                0x00002066                SREG_vid_EnableBitI
 .text.SREG_vid_ClearBitI
                0x00002076       0x10 ./MCAL/SREG/SREG_Program.o
                0x00002076                SREG_vid_ClearBitI
 .text.EXTI_enu_Initialization
                0x00002086       0xa4 ./MCAL/EXTI/EXTI_Program.o
                0x00002086                EXTI_enu_Initialization
 .text.EXTI_enu_ISC
                0x0000212a       0x2c ./MCAL/EXTI/EXTI_Program.o
                0x0000212a                EXTI_enu_ISC
 .text.EXTI_enu_INTMode
                0x00002156       0x2c ./MCAL/EXTI/EXTI_Program.o
                0x00002156                EXTI_enu_INTMode
 .text.EXTI_enu_GetPIF
                0x00002182       0xac ./MCAL/EXTI/EXTI_Program.o
                0x00002182                EXTI_enu_GetPIF
 .text.EXTI_enu_ClearINTFx
                0x0000222e       0x26 ./MCAL/EXTI/EXTI_Program.o
                0x0000222e                EXTI_enu_ClearINTFx
 .text.EXTI_enu_SetCallBack
                0x00002254       0x70 ./MCAL/EXTI/EXTI_Program.o
                0x00002254                EXTI_enu_SetCallBack
 .text.__vector_1
                0x000022c4       0x6e ./MCAL/EXTI/EXTI_Program.o
                0x000022c4                __vector_1
 .text.__vector_2
                0x00002332       0x6e ./MCAL/EXTI/EXTI_Program.o
                0x00002332                __vector_2
 .text.__vector_3
                0x000023a0       0x6a ./MCAL/EXTI/EXTI_Program.o
                0x000023a0                __vector_3
 .text.enu_SetMode
                0x0000240a       0xf6 ./MCAL/EXTI/EXTI_Program.o
 .text.enu_SetSenseLevel
                0x00002500      0x14e ./MCAL/EXTI/EXTI_Program.o
 .text.enu_SetFlagValue
                0x0000264e       0xf6 ./MCAL/EXTI/EXTI_Program.o
 .text.DIO_enu_Initialization
                0x00002744       0x1a ./MCAL/DIO/DIO_Program.o
                0x00002744                DIO_enu_Initialization
 .text.DIO_enu_SetPinDiretion
                0x0000275e      0x1d8 ./MCAL/DIO/DIO_Program.o
                0x0000275e                DIO_enu_SetPinDiretion
 .text.DIO_enu_SetPinState
                0x00002936      0x1d8 ./MCAL/DIO/DIO_Program.o
                0x00002936                DIO_enu_SetPinState
 .text.DIO_enu_SetPinValue
                0x00002b0e      0x1ee ./MCAL/DIO/DIO_Program.o
                0x00002b0e                DIO_enu_SetPinValue
 .text.DIO_enu_TogglePinValue
                0x00002cfc      0x116 ./MCAL/DIO/DIO_Program.o
                0x00002cfc                DIO_enu_TogglePinValue
 .text.DIO_enu_GetPinValue
                0x00002e12      0x13c ./MCAL/DIO/DIO_Program.o
                0x00002e12                DIO_enu_GetPinValue
 .text.ADC_enu_Initialization
                0x00002f4e       0xbe ./MCAL/ADC/ADC_Program.o
                0x00002f4e                ADC_enu_Initialization
 .text.ADC_enu_ReadPolling
                0x0000300c       0xd4 ./MCAL/ADC/ADC_Program.o
                0x0000300c                ADC_enu_ReadPolling
 .text.ADC_enu_StartConversion
                0x000030e0       0x28 ./MCAL/ADC/ADC_Program.o
                0x000030e0                ADC_enu_StartConversion
 .text.ADC_enu_SetTriggerringSource
                0x00003108       0x84 ./MCAL/ADC/ADC_Program.o
                0x00003108                ADC_enu_SetTriggerringSource
 .text.ADC_enu_ChangePrescalerFactor
                0x0000318c       0x4e ./MCAL/ADC/ADC_Program.o
                0x0000318c                ADC_enu_ChangePrescalerFactor
 .text.ADC_enu_ReadADCH
                0x000031da       0x4c ./MCAL/ADC/ADC_Program.o
                0x000031da                ADC_enu_ReadADCH
 .text.ADC_enu_ReadADCL
                0x00003226       0x32 ./MCAL/ADC/ADC_Program.o
                0x00003226                ADC_enu_ReadADCL
 .text.ADC_enu_ReadData
                0x00003258       0x72 ./MCAL/ADC/ADC_Program.o
                0x00003258                ADC_enu_ReadData
 .text.ADC_enu_EnableINT
                0x000032ca       0x28 ./MCAL/ADC/ADC_Program.o
                0x000032ca                ADC_enu_EnableINT
 .text.ADC_enu_DisableINT
                0x000032f2       0x28 ./MCAL/ADC/ADC_Program.o
                0x000032f2                ADC_enu_DisableINT
 .text.ADC_enu_EnableADC
                0x0000331a       0x28 ./MCAL/ADC/ADC_Program.o
                0x0000331a                ADC_enu_EnableADC
 .text.ADC_enu_DisableADC
                0x00003342       0x28 ./MCAL/ADC/ADC_Program.o
                0x00003342                ADC_enu_DisableADC
 .text.ADC_enu_SetCallBack
                0x0000336a       0x4e ./MCAL/ADC/ADC_Program.o
                0x0000336a                ADC_enu_SetCallBack
 .text.__vector_16
                0x000033b8       0x6e ./MCAL/ADC/ADC_Program.o
                0x000033b8                __vector_16
 .text.SW_enu_Initialization
                0x00003426       0xda ./HAL/SW/SW_Program.o
                0x00003426                SW_enu_Initialization
 .text.SW_enu_GetSwValue
                0x00003500       0x84 ./HAL/SW/SW_Program.o
                0x00003500                SW_enu_GetSwValue
 .text.Relay_enu_Initialization
                0x00003584       0x8e ./HAL/Relay/Relay_Program.o
                0x00003584                Relay_enu_Initialization
 .text.Relay_enu_TuronOnRelay
                0x00003612       0x5c ./HAL/Relay/Relay_Program.o
                0x00003612                Relay_enu_TuronOnRelay
 .text.Relay_enu_TuronOffRelay
                0x0000366e       0x5c ./HAL/Relay/Relay_Program.o
                0x0000366e                Relay_enu_TuronOffRelay
 .text.Relay_enu_TurnOnAllRelays
                0x000036ca       0x62 ./HAL/Relay/Relay_Program.o
                0x000036ca                Relay_enu_TurnOnAllRelays
 .text.Relay_enu_TurnOffAllRelays
                0x0000372c       0x5e ./HAL/Relay/Relay_Program.o
                0x0000372c                Relay_enu_TurnOffAllRelays
 .text.LED_enu_Initialization
                0x0000378a       0x8e ./HAL/LED/LED_Program.o
                0x0000378a                LED_enu_Initialization
 .text.LED_enu_TurnOnLED
                0x00003818       0x5c ./HAL/LED/LED_Program.o
                0x00003818                LED_enu_TurnOnLED
 .text.LED_enu_TurnOffLED
                0x00003874       0x5c ./HAL/LED/LED_Program.o
                0x00003874                LED_enu_TurnOffLED
 .text.LED_enu_TurnOnCombination
                0x000038d0       0xa2 ./HAL/LED/LED_Program.o
                0x000038d0                LED_enu_TurnOnCombination
 .text.LED_enu_TurnOnAllLEDs
                0x00003972       0x60 ./HAL/LED/LED_Program.o
                0x00003972                LED_enu_TurnOnAllLEDs
 .text.LED_enu_TurnOffAllLEDs
                0x000039d2       0x60 ./HAL/LED/LED_Program.o
                0x000039d2                LED_enu_TurnOffAllLEDs
 .text.LED_enu_GetLEDCount
                0x00003a32       0x3c ./HAL/LED/LED_Program.o
                0x00003a32                LED_enu_GetLEDCount
 .text.LCD_enu_Initialization
                0x00003a6e      0x2c2 ./HAL/LCD/LCD_Program.o
                0x00003a6e                LCD_enu_Initialization
 .text.LCD_enu_SendCommand
                0x00003d30       0x2e ./HAL/LCD/LCD_Program.o
                0x00003d30                LCD_enu_SendCommand
 .text.LCD_enu_SendData
                0x00003d5e       0x2e ./HAL/LCD/LCD_Program.o
                0x00003d5e                LCD_enu_SendData
 .text.LCD_enu_GoToPosition
                0x00003d8c       0x92 ./HAL/LCD/LCD_Program.o
                0x00003d8c                LCD_enu_GoToPosition
 .text.LCD_enu_SendString
                0x00003e1e       0x5e ./HAL/LCD/LCD_Program.o
                0x00003e1e                LCD_enu_SendString
 .text.LCD_enu_ClearPage
                0x00003e7c       0xbe ./HAL/LCD/LCD_Program.o
                0x00003e7c                LCD_enu_ClearPage
 .text.LCD_enu_DrawSpecialCharacter
                0x00003f3a      0x1bc ./HAL/LCD/LCD_Program.o
                0x00003f3a                LCD_enu_DrawSpecialCharacter
 .text.LCD_enu_WriteIntegerNum
                0x000040f6      0x1d4 ./HAL/LCD/LCD_Program.o
                0x000040f6                LCD_enu_WriteIntegerNum
 .text.LCD_enu_WriteFloatNum
                0x000042ca      0x380 ./HAL/LCD/LCD_Program.o
                0x000042ca                LCD_enu_WriteFloatNum
 .text.enu_PassByteAndLatch
                0x0000464a      0x3ba ./HAL/LCD/LCD_Program.o
 .text.enu_AddCustomCharacter
                0x00004a04      0x132 ./HAL/LCD/LCD_Program.o
 .text.enu_ConvertDigitToASCII
                0x00004b36       0x50 ./HAL/LCD/LCD_Program.o
 .text.enu_ReverseInteger
                0x00004b86       0xfc ./HAL/LCD/LCD_Program.o
 .text.Keypad_enu_Initialization
                0x00004c82       0xf6 ./HAL/KEYPAD/Keypad_Program.o
                0x00004c82                Keypad_enu_Initialization
 .text.Keypad_enu_GetButtonPressedValue
                0x00004d78      0x30e ./HAL/KEYPAD/Keypad_Program.o
                0x00004d78                Keypad_enu_GetButtonPressedValue
 .text.Hexadecoder_enu_Initialization
                0x00005086       0x56 ./HAL/Hexadecoder/Hexadecoder_Program.o
                0x00005086                Hexadecoder_enu_Initialization
 .text.Hexadecoder_enu_DisplayNum
                0x000050dc       0x76 ./HAL/Hexadecoder/Hexadecoder_Program.o
                0x000050dc                Hexadecoder_enu_DisplayNum
 .text.Hexadecoder_enu_EnableSSG
                0x00005152       0x60 ./HAL/Hexadecoder/Hexadecoder_Program.o
                0x00005152                Hexadecoder_enu_EnableSSG
 .text.Hexadecoder_enu_DisableSSG
                0x000051b2       0x60 ./HAL/Hexadecoder/Hexadecoder_Program.o
                0x000051b2                Hexadecoder_enu_DisableSSG
 .text.Hexadecoder_enu_StopDisplay
                0x00005212       0x2c ./HAL/Hexadecoder/Hexadecoder_Program.o
                0x00005212                Hexadecoder_enu_StopDisplay
 .text.Buzzer_enu_Initialization
                0x0000523e       0x8e ./HAL/Buzzer/Buzzer_Program.o
                0x0000523e                Buzzer_enu_Initialization
 .text.Buzzer_enu_TuronOnBuzzer
                0x000052cc       0x5c ./HAL/Buzzer/Buzzer_Program.o
                0x000052cc                Buzzer_enu_TuronOnBuzzer
 .text.Buzzer_enu_TuronOffBuzzer
                0x00005328       0x5c ./HAL/Buzzer/Buzzer_Program.o
                0x00005328                Buzzer_enu_TuronOffBuzzer
 .text.Buzzer_enu_TurnOnAllBuzzers
                0x00005384       0x62 ./HAL/Buzzer/Buzzer_Program.o
                0x00005384                Buzzer_enu_TurnOnAllBuzzers
 .text.Buzzer_enu_TurnOffAllBuzzers
                0x000053e6       0x5e ./HAL/Buzzer/Buzzer_Program.o
                0x000053e6                Buzzer_enu_TurnOffAllBuzzers
 .text.main     0x00005444       0x2e ./APP/Main.o
                0x00005444                main
 .text.libgcc   0x00005472       0x3e c:/sdk_win_64/sdk_win_64/winavr/bin/../lib/gcc/avr/4.3.3/avr5\libgcc.a(_mulsi3.o)
                0x00005472                __mulsi3
 .text.libgcc   0x000054b0       0x44 c:/sdk_win_64/sdk_win_64/winavr/bin/../lib/gcc/avr/4.3.3/avr5\libgcc.a(_udivmodsi4.o)
                0x000054b0                __udivmodsi4
 .text.libgcc   0x000054f4       0x36 c:/sdk_win_64/sdk_win_64/winavr/bin/../lib/gcc/avr/4.3.3/avr5\libgcc.a(_divmodsi4.o)
                0x000054f4                __divmodsi4
 .text.libgcc   0x0000552a        0x0 c:/sdk_win_64/sdk_win_64/winavr/bin/../lib/gcc/avr/4.3.3/avr5\libgcc.a(_exit.o)
 .text.libgcc   0x0000552a        0x0 c:/sdk_win_64/sdk_win_64/winavr/bin/../lib/gcc/avr/4.3.3/avr5\libgcc.a(_copy_data.o)
 .text.libgcc   0x0000552a        0x0 c:/sdk_win_64/sdk_win_64/winavr/bin/../lib/gcc/avr/4.3.3/avr5\libgcc.a(_clear_bss.o)
 .text.libgcc   0x0000552a       0x38 c:/sdk_win_64/sdk_win_64/winavr/bin/../lib/gcc/avr/4.3.3/avr5\libgcc.a(_prologue.o)
                0x0000552a                __prologue_saves__
 .text.libgcc   0x00005562       0x36 c:/sdk_win_64/sdk_win_64/winavr/bin/../lib/gcc/avr/4.3.3/avr5\libgcc.a(_epilogue.o)
                0x00005562                __epilogue_restores__
                0x00005598                . = ALIGN (0x2)
 *(.fini9)
 .fini9         0x00005598        0x0 c:/sdk_win_64/sdk_win_64/winavr/bin/../lib/gcc/avr/4.3.3/avr5\libgcc.a(_exit.o)
                0x00005598                exit
                0x00005598                _exit
 *(.fini9)
 *(.fini8)
 *(.fini8)
 *(.fini7)
 *(.fini7)
 *(.fini6)
 *(.fini6)
 *(.fini5)
 *(.fini5)
 *(.fini4)
 *(.fini4)
 *(.fini3)
 *(.fini3)
 *(.fini2)
 *(.fini2)
 *(.fini1)
 *(.fini1)
 *(.fini0)
 .fini0         0x00005598        0x4 c:/sdk_win_64/sdk_win_64/winavr/bin/../lib/gcc/avr/4.3.3/avr5\libgcc.a(_exit.o)
 *(.fini0)
                0x0000559c                _etext = .

.data           0x00800060      0x148 load address 0x0000559c
                0x00800060                PROVIDE (__data_start, .)
 *(.data)
 .data          0x00800060        0x0 c:/sdk_win_64/sdk_win_64/winavr/bin/../lib/gcc/avr/4.3.3/../../../../avr/lib/avr5/crtm32.o
 .data          0x00800060        0x0 ./MCAL/Timer/Timer_Config.o
 .data          0x00800060        0x0 ./MCAL/Timer/Timer_Program.o
 .data          0x00800060        0x0 ./MCAL/SREG/SREG_Program.o
 .data          0x00800060        0x0 ./MCAL/EXTI/EXTI_Config.o
 .data          0x00800060        0x0 ./MCAL/EXTI/EXTI_Program.o
 .data          0x00800060        0x0 ./MCAL/DIO/DIO_Program.o
 .data          0x00800060        0x0 ./MCAL/ADC/ADC_Program.o
 .data          0x00800060        0x0 ./HAL/SW/SW_Config.o
 .data          0x00800060        0x0 ./HAL/SW/SW_Program.o
 .data          0x00800060        0x0 ./HAL/Relay/Relay_Config.o
 .data          0x00800060        0x0 ./HAL/Relay/Relay_Program.o
 .data          0x00800060        0x0 ./HAL/LED/LED_Config.o
 .data          0x00800060        0x0 ./HAL/LED/LED_Program.o
 .data          0x00800060        0x0 ./HAL/LCD/LCD_Program.o
 .data          0x00800060        0x0 ./HAL/KEYPAD/Keypad_Program.o
 .data          0x00800060        0x0 ./HAL/Hexadecoder/Hexadecoder_Program.o
 .data          0x00800060        0x0 ./HAL/Buzzer/Buzzer_Config.o
 .data          0x00800060        0x0 ./HAL/Buzzer/Buzzer_Program.o
 .data          0x00800060        0x0 ./APP/Main.o
 .data          0x00800060        0x0 c:/sdk_win_64/sdk_win_64/winavr/bin/../lib/gcc/avr/4.3.3/avr5\libgcc.a(_mulsi3.o)
 .data          0x00800060        0x0 c:/sdk_win_64/sdk_win_64/winavr/bin/../lib/gcc/avr/4.3.3/avr5\libgcc.a(_udivmodsi4.o)
 .data          0x00800060        0x0 c:/sdk_win_64/sdk_win_64/winavr/bin/../lib/gcc/avr/4.3.3/avr5\libgcc.a(_divmodsi4.o)
 .data          0x00800060        0x0 c:/sdk_win_64/sdk_win_64/winavr/bin/../lib/gcc/avr/4.3.3/avr5\libgcc.a(_exit.o)
 .data          0x00800060        0x0 c:/sdk_win_64/sdk_win_64/winavr/bin/../lib/gcc/avr/4.3.3/avr5\libgcc.a(_copy_data.o)
 .data          0x00800060        0x0 c:/sdk_win_64/sdk_win_64/winavr/bin/../lib/gcc/avr/4.3.3/avr5\libgcc.a(_clear_bss.o)
 .data          0x00800060        0x0 c:/sdk_win_64/sdk_win_64/winavr/bin/../lib/gcc/avr/4.3.3/avr5\libgcc.a(_fixunssfsi.o)
 .data          0x00800060        0x0 c:/sdk_win_64/sdk_win_64/winavr/bin/../lib/gcc/avr/4.3.3/avr5\libgcc.a(_addsub_sf.o)
 .data          0x00800060        0x0 c:/sdk_win_64/sdk_win_64/winavr/bin/../lib/gcc/avr/4.3.3/avr5\libgcc.a(_mul_sf.o)
 .data          0x00800060        0x0 c:/sdk_win_64/sdk_win_64/winavr/bin/../lib/gcc/avr/4.3.3/avr5\libgcc.a(_ne_sf.o)
 .data          0x00800060        0x0 c:/sdk_win_64/sdk_win_64/winavr/bin/../lib/gcc/avr/4.3.3/avr5\libgcc.a(_gt_sf.o)
 .data          0x00800060        0x0 c:/sdk_win_64/sdk_win_64/winavr/bin/../lib/gcc/avr/4.3.3/avr5\libgcc.a(_ge_sf.o)
 .data          0x00800060        0x0 c:/sdk_win_64/sdk_win_64/winavr/bin/../lib/gcc/avr/4.3.3/avr5\libgcc.a(_lt_sf.o)
 .data          0x00800060        0x0 c:/sdk_win_64/sdk_win_64/winavr/bin/../lib/gcc/avr/4.3.3/avr5\libgcc.a(_le_sf.o)
 .data          0x00800060        0x0 c:/sdk_win_64/sdk_win_64/winavr/bin/../lib/gcc/avr/4.3.3/avr5\libgcc.a(_sf_to_si.o)
 .data          0x00800060        0x8 c:/sdk_win_64/sdk_win_64/winavr/bin/../lib/gcc/avr/4.3.3/avr5\libgcc.a(_thenan_sf.o)
                0x00800060                __thenan_sf
 .data          0x00800068        0x0 c:/sdk_win_64/sdk_win_64/winavr/bin/../lib/gcc/avr/4.3.3/avr5\libgcc.a(_usi_to_sf.o)
 .data          0x00800068        0x0 c:/sdk_win_64/sdk_win_64/winavr/bin/../lib/gcc/avr/4.3.3/avr5\libgcc.a(_prologue.o)
 .data          0x00800068        0x0 c:/sdk_win_64/sdk_win_64/winavr/bin/../lib/gcc/avr/4.3.3/avr5\libgcc.a(_epilogue.o)
 .data          0x00800068        0x0 c:/sdk_win_64/sdk_win_64/winavr/bin/../lib/gcc/avr/4.3.3/avr5\libgcc.a(_clzsi2.o)
 .data          0x00800068        0x0 c:/sdk_win_64/sdk_win_64/winavr/bin/../lib/gcc/avr/4.3.3/avr5\libgcc.a(_pack_sf.o)
 .data          0x00800068        0x0 c:/sdk_win_64/sdk_win_64/winavr/bin/../lib/gcc/avr/4.3.3/avr5\libgcc.a(_unpack_sf.o)
 .data          0x00800068        0x0 c:/sdk_win_64/sdk_win_64/winavr/bin/../lib/gcc/avr/4.3.3/avr5\libgcc.a(_fpcmp_parts_sf.o)
 .data          0x00800068      0x100 c:/sdk_win_64/sdk_win_64/winavr/bin/../lib/gcc/avr/4.3.3/avr5\libgcc.a(_clz.o)
                0x00800068                __clz_tab
 *(.data*)
 .data.Timer_u8_TimerCount
                0x00800168        0x1 ./MCAL/Timer/Timer_Config.o
                0x00800168                Timer_u8_TimerCount
 .data.Timer_astr_TimerList
                0x00800169        0xa ./MCAL/Timer/Timer_Config.o
                0x00800169                Timer_astr_TimerList
 .data.EXTI_u8_INTCount
                0x00800173        0x1 ./MCAL/EXTI/EXTI_Config.o
                0x00800173                EXTI_u8_INTCount
 .data.EXTI_astr_INTList
                0x00800174        0x3 ./MCAL/EXTI/EXTI_Config.o
                0x00800174                EXTI_astr_INTList
 .data.SW_u8_SwCount
                0x00800177        0x1 ./HAL/SW/SW_Config.o
                0x00800177                SW_u8_SwCount
 .data.SW_astr_SwList
                0x00800178        0x3 ./HAL/SW/SW_Config.o
                0x00800178                SW_astr_SwList
 .data.Relay_u8_RelayCount
                0x0080017b        0x1 ./HAL/Relay/Relay_Config.o
                0x0080017b                Relay_u8_RelayCount
 .data.Relay_astr_RelayList
                0x0080017c        0x2 ./HAL/Relay/Relay_Config.o
                0x0080017c                Relay_astr_RelayList
 .data.LED_u8_LEDsCount
                0x0080017e        0x1 ./HAL/LED/LED_Config.o
                0x0080017e                LED_u8_LEDsCount
 .data.LED_astr_LEDsList
                0x0080017f        0x6 ./HAL/LED/LED_Config.o
                0x0080017f                LED_astr_LEDsList
 .data.Keypad_au8_Rows
                0x00800185        0x8 ./HAL/KEYPAD/Keypad_Program.o
                0x00800185                Keypad_au8_Rows
 .data.Keypad_au8_Columns
                0x0080018d        0x8 ./HAL/KEYPAD/Keypad_Program.o
                0x0080018d                Keypad_au8_Columns
 .data.Buzzer_u8_BuzzerCount
                0x00800195        0x1 ./HAL/Buzzer/Buzzer_Config.o
                0x00800195                Buzzer_u8_BuzzerCount
 .data.Buzzer_astr_BuzzerList
                0x00800196        0x2 ./HAL/Buzzer/Buzzer_Config.o
                0x00800196                Buzzer_astr_BuzzerList
 *(.rodata)
 *(.rodata*)
 .rodata.C.3.1365
                0x00800198       0x10 ./HAL/KEYPAD/Keypad_Program.o
 *(.gnu.linkonce.d*)
                0x008001a8                . = ALIGN (0x2)
                0x008001a8                _edata = .
                0x008001a8                PROVIDE (__data_end, .)

.bss            0x008001a8       0x30
                0x008001a8                PROVIDE (__bss_start, .)
 *(.bss)
 .bss           0x008001a8        0x0 c:/sdk_win_64/sdk_win_64/winavr/bin/../lib/gcc/avr/4.3.3/../../../../avr/lib/avr5/crtm32.o
 .bss           0x008001a8        0x0 ./MCAL/Timer/Timer_Config.o
 .bss           0x008001a8        0x0 ./MCAL/Timer/Timer_Program.o
 .bss           0x008001a8        0x0 ./MCAL/SREG/SREG_Program.o
 .bss           0x008001a8        0x0 ./MCAL/EXTI/EXTI_Config.o
 .bss           0x008001a8        0x0 ./MCAL/EXTI/EXTI_Program.o
 .bss           0x008001a8        0x0 ./MCAL/DIO/DIO_Program.o
 .bss           0x008001a8        0x0 ./MCAL/ADC/ADC_Program.o
 .bss           0x008001a8        0x0 ./HAL/SW/SW_Config.o
 .bss           0x008001a8        0x0 ./HAL/SW/SW_Program.o
 .bss           0x008001a8        0x0 ./HAL/Relay/Relay_Config.o
 .bss           0x008001a8        0x0 ./HAL/Relay/Relay_Program.o
 .bss           0x008001a8        0x0 ./HAL/LED/LED_Config.o
 .bss           0x008001a8        0x0 ./HAL/LED/LED_Program.o
 .bss           0x008001a8        0x0 ./HAL/LCD/LCD_Program.o
 .bss           0x008001a8        0x0 ./HAL/KEYPAD/Keypad_Program.o
 .bss           0x008001a8        0x0 ./HAL/Hexadecoder/Hexadecoder_Program.o
 .bss           0x008001a8        0x0 ./HAL/Buzzer/Buzzer_Config.o
 .bss           0x008001a8        0x0 ./HAL/Buzzer/Buzzer_Program.o
 .bss           0x008001a8        0x0 ./APP/Main.o
 .bss           0x008001a8        0x0 c:/sdk_win_64/sdk_win_64/winavr/bin/../lib/gcc/avr/4.3.3/avr5\libgcc.a(_mulsi3.o)
 .bss           0x008001a8        0x0 c:/sdk_win_64/sdk_win_64/winavr/bin/../lib/gcc/avr/4.3.3/avr5\libgcc.a(_udivmodsi4.o)
 .bss           0x008001a8        0x0 c:/sdk_win_64/sdk_win_64/winavr/bin/../lib/gcc/avr/4.3.3/avr5\libgcc.a(_divmodsi4.o)
 .bss           0x008001a8        0x0 c:/sdk_win_64/sdk_win_64/winavr/bin/../lib/gcc/avr/4.3.3/avr5\libgcc.a(_exit.o)
 .bss           0x008001a8        0x0 c:/sdk_win_64/sdk_win_64/winavr/bin/../lib/gcc/avr/4.3.3/avr5\libgcc.a(_copy_data.o)
 .bss           0x008001a8        0x0 c:/sdk_win_64/sdk_win_64/winavr/bin/../lib/gcc/avr/4.3.3/avr5\libgcc.a(_clear_bss.o)
 .bss           0x008001a8        0x0 c:/sdk_win_64/sdk_win_64/winavr/bin/../lib/gcc/avr/4.3.3/avr5\libgcc.a(_fixunssfsi.o)
 .bss           0x008001a8        0x0 c:/sdk_win_64/sdk_win_64/winavr/bin/../lib/gcc/avr/4.3.3/avr5\libgcc.a(_addsub_sf.o)
 .bss           0x008001a8        0x0 c:/sdk_win_64/sdk_win_64/winavr/bin/../lib/gcc/avr/4.3.3/avr5\libgcc.a(_mul_sf.o)
 .bss           0x008001a8        0x0 c:/sdk_win_64/sdk_win_64/winavr/bin/../lib/gcc/avr/4.3.3/avr5\libgcc.a(_ne_sf.o)
 .bss           0x008001a8        0x0 c:/sdk_win_64/sdk_win_64/winavr/bin/../lib/gcc/avr/4.3.3/avr5\libgcc.a(_gt_sf.o)
 .bss           0x008001a8        0x0 c:/sdk_win_64/sdk_win_64/winavr/bin/../lib/gcc/avr/4.3.3/avr5\libgcc.a(_ge_sf.o)
 .bss           0x008001a8        0x0 c:/sdk_win_64/sdk_win_64/winavr/bin/../lib/gcc/avr/4.3.3/avr5\libgcc.a(_lt_sf.o)
 .bss           0x008001a8        0x0 c:/sdk_win_64/sdk_win_64/winavr/bin/../lib/gcc/avr/4.3.3/avr5\libgcc.a(_le_sf.o)
 .bss           0x008001a8        0x0 c:/sdk_win_64/sdk_win_64/winavr/bin/../lib/gcc/avr/4.3.3/avr5\libgcc.a(_sf_to_si.o)
 .bss           0x008001a8        0x0 c:/sdk_win_64/sdk_win_64/winavr/bin/../lib/gcc/avr/4.3.3/avr5\libgcc.a(_thenan_sf.o)
 .bss           0x008001a8        0x0 c:/sdk_win_64/sdk_win_64/winavr/bin/../lib/gcc/avr/4.3.3/avr5\libgcc.a(_usi_to_sf.o)
 .bss           0x008001a8        0x0 c:/sdk_win_64/sdk_win_64/winavr/bin/../lib/gcc/avr/4.3.3/avr5\libgcc.a(_prologue.o)
 .bss           0x008001a8        0x0 c:/sdk_win_64/sdk_win_64/winavr/bin/../lib/gcc/avr/4.3.3/avr5\libgcc.a(_epilogue.o)
 .bss           0x008001a8        0x0 c:/sdk_win_64/sdk_win_64/winavr/bin/../lib/gcc/avr/4.3.3/avr5\libgcc.a(_clzsi2.o)
 .bss           0x008001a8        0x0 c:/sdk_win_64/sdk_win_64/winavr/bin/../lib/gcc/avr/4.3.3/avr5\libgcc.a(_pack_sf.o)
 .bss           0x008001a8        0x0 c:/sdk_win_64/sdk_win_64/winavr/bin/../lib/gcc/avr/4.3.3/avr5\libgcc.a(_unpack_sf.o)
 .bss           0x008001a8        0x0 c:/sdk_win_64/sdk_win_64/winavr/bin/../lib/gcc/avr/4.3.3/avr5\libgcc.a(_fpcmp_parts_sf.o)
 .bss           0x008001a8        0x0 c:/sdk_win_64/sdk_win_64/winavr/bin/../lib/gcc/avr/4.3.3/avr5\libgcc.a(_clz.o)
 *(.bss*)
 .bss.apfun_ISRpointers
                0x008001a8       0x10 ./MCAL/Timer/Timer_Program.o
 .bss.apvid_ISRParameters
                0x008001b8       0x10 ./MCAL/Timer/Timer_Program.o
 .bss.pfun_ISRPointers
                0x008001c8        0x6 ./MCAL/EXTI/EXTI_Program.o
 .bss.apvid_ISRParameters
                0x008001ce        0x6 ./MCAL/EXTI/EXTI_Program.o
 .bss.pfun_ISRPointer
                0x008001d4        0x2 ./MCAL/ADC/ADC_Program.o
 .bss.pvid_ISRParameters
                0x008001d6        0x2 ./MCAL/ADC/ADC_Program.o
 *(COMMON)
                0x008001d8                PROVIDE (__bss_end, .)
                0x0000559c                __data_load_start = LOADADDR (.data)
                0x000056e4                __data_load_end = (__data_load_start + SIZEOF (.data))

.noinit         0x008001d8        0x0
                0x008001d8                PROVIDE (__noinit_start, .)
 *(.noinit*)
                0x008001d8                PROVIDE (__noinit_end, .)
                0x008001d8                _end = .
                0x008001d8                PROVIDE (__heap_start, .)

.eeprom         0x00810000        0x0
 *(.eeprom*)
                0x00810000                __eeprom_end = .

.fuse
 *(.fuse)
 *(.lfuse)
 *(.hfuse)
 *(.efuse)

.lock
 *(.lock*)

.signature
 *(.signature*)

.stab           0x00000000     0x7644
 *(.stab)
 .stab          0x00000000      0x324 ./MCAL/Timer/Timer_Config.o
 .stab          0x00000324     0x1524 ./MCAL/Timer/Timer_Program.o
                               0x1728 (size before relaxing)
 .stab          0x00001848      0x138 ./MCAL/SREG/SREG_Program.o
                                0x144 (size before relaxing)
 .stab          0x00001980      0x210 ./MCAL/EXTI/EXTI_Config.o
                                0x21c (size before relaxing)
 .stab          0x00001b90      0xabc ./MCAL/EXTI/EXTI_Program.o
                                0xbc4 (size before relaxing)
 .stab          0x0000264c      0x774 ./MCAL/DIO/DIO_Program.o
                                0x780 (size before relaxing)
 .stab          0x00002dc0      0xa74 ./MCAL/ADC/ADC_Program.o
                                0xa80 (size before relaxing)
 .stab          0x00003834      0x210 ./HAL/SW/SW_Config.o
                                0x21c (size before relaxing)
 .stab          0x00003a44      0x27c ./HAL/SW/SW_Program.o
                                0x384 (size before relaxing)
 .stab          0x00003cc0      0x210 ./HAL/Relay/Relay_Config.o
                                0x21c (size before relaxing)
 .stab          0x00003ed0      0x414 ./HAL/Relay/Relay_Program.o
                                0x51c (size before relaxing)
 .stab          0x000042e4      0x228 ./HAL/LED/LED_Config.o
                                0x234 (size before relaxing)
 .stab          0x0000450c      0x6a8 ./HAL/LED/LED_Program.o
                                0x6cc (size before relaxing)
 .stab          0x00004bb4     0x1770 ./HAL/LCD/LCD_Program.o
                               0x177c (size before relaxing)
 .stab          0x00006324      0x5ac ./HAL/KEYPAD/Keypad_Program.o
                                0x744 (size before relaxing)
 .stab          0x000068d0      0x528 ./HAL/Hexadecoder/Hexadecoder_Program.o
                                0x534 (size before relaxing)
 .stab          0x00006df8      0x210 ./HAL/Buzzer/Buzzer_Config.o
                                0x21c (size before relaxing)
 .stab          0x00007008      0x414 ./HAL/Buzzer/Buzzer_Program.o
                                0x51c (size before relaxing)
 .stab          0x0000741c      0x228 ./APP/Main.o
                                0x234 (size before relaxing)

.stabstr        0x00000000     0x2fe9
 *(.stabstr)
 .stabstr       0x00000000     0x2fe9 ./MCAL/Timer/Timer_Config.o

.stab.excl
 *(.stab.excl)

.stab.exclstr
 *(.stab.exclstr)

.stab.index
 *(.stab.index)

.stab.indexstr
 *(.stab.indexstr)

.comment
 *(.comment)

.debug
 *(.debug)

.line
 *(.line)

.debug_srcinfo
 *(.debug_srcinfo)

.debug_sfnames
 *(.debug_sfnames)

.debug_aranges  0x00000000      0x1c0
 *(.debug_aranges)
 .debug_aranges
                0x00000000       0x20 c:/sdk_win_64/sdk_win_64/winavr/bin/../lib/gcc/avr/4.3.3/avr5\libgcc.a(_fixunssfsi.o)
 .debug_aranges
                0x00000020       0x20 c:/sdk_win_64/sdk_win_64/winavr/bin/../lib/gcc/avr/4.3.3/avr5\libgcc.a(_addsub_sf.o)
 .debug_aranges
                0x00000040       0x20 c:/sdk_win_64/sdk_win_64/winavr/bin/../lib/gcc/avr/4.3.3/avr5\libgcc.a(_mul_sf.o)
 .debug_aranges
                0x00000060       0x20 c:/sdk_win_64/sdk_win_64/winavr/bin/../lib/gcc/avr/4.3.3/avr5\libgcc.a(_ne_sf.o)
 .debug_aranges
                0x00000080       0x20 c:/sdk_win_64/sdk_win_64/winavr/bin/../lib/gcc/avr/4.3.3/avr5\libgcc.a(_gt_sf.o)
 .debug_aranges
                0x000000a0       0x20 c:/sdk_win_64/sdk_win_64/winavr/bin/../lib/gcc/avr/4.3.3/avr5\libgcc.a(_ge_sf.o)
 .debug_aranges
                0x000000c0       0x20 c:/sdk_win_64/sdk_win_64/winavr/bin/../lib/gcc/avr/4.3.3/avr5\libgcc.a(_lt_sf.o)
 .debug_aranges
                0x000000e0       0x20 c:/sdk_win_64/sdk_win_64/winavr/bin/../lib/gcc/avr/4.3.3/avr5\libgcc.a(_le_sf.o)
 .debug_aranges
                0x00000100       0x20 c:/sdk_win_64/sdk_win_64/winavr/bin/../lib/gcc/avr/4.3.3/avr5\libgcc.a(_sf_to_si.o)
 .debug_aranges
                0x00000120       0x20 c:/sdk_win_64/sdk_win_64/winavr/bin/../lib/gcc/avr/4.3.3/avr5\libgcc.a(_usi_to_sf.o)
 .debug_aranges
                0x00000140       0x20 c:/sdk_win_64/sdk_win_64/winavr/bin/../lib/gcc/avr/4.3.3/avr5\libgcc.a(_clzsi2.o)
 .debug_aranges
                0x00000160       0x20 c:/sdk_win_64/sdk_win_64/winavr/bin/../lib/gcc/avr/4.3.3/avr5\libgcc.a(_pack_sf.o)
 .debug_aranges
                0x00000180       0x20 c:/sdk_win_64/sdk_win_64/winavr/bin/../lib/gcc/avr/4.3.3/avr5\libgcc.a(_unpack_sf.o)
 .debug_aranges
                0x000001a0       0x20 c:/sdk_win_64/sdk_win_64/winavr/bin/../lib/gcc/avr/4.3.3/avr5\libgcc.a(_fpcmp_parts_sf.o)

.debug_pubnames
                0x00000000      0x20f
 *(.debug_pubnames)
 .debug_pubnames
                0x00000000       0x23 c:/sdk_win_64/sdk_win_64/winavr/bin/../lib/gcc/avr/4.3.3/avr5\libgcc.a(_fixunssfsi.o)
 .debug_pubnames
                0x00000023       0x2c c:/sdk_win_64/sdk_win_64/winavr/bin/../lib/gcc/avr/4.3.3/avr5\libgcc.a(_addsub_sf.o)
 .debug_pubnames
                0x0000004f       0x1f c:/sdk_win_64/sdk_win_64/winavr/bin/../lib/gcc/avr/4.3.3/avr5\libgcc.a(_mul_sf.o)
 .debug_pubnames
                0x0000006e       0x1e c:/sdk_win_64/sdk_win_64/winavr/bin/../lib/gcc/avr/4.3.3/avr5\libgcc.a(_ne_sf.o)
 .debug_pubnames
                0x0000008c       0x1e c:/sdk_win_64/sdk_win_64/winavr/bin/../lib/gcc/avr/4.3.3/avr5\libgcc.a(_gt_sf.o)
 .debug_pubnames
                0x000000aa       0x1e c:/sdk_win_64/sdk_win_64/winavr/bin/../lib/gcc/avr/4.3.3/avr5\libgcc.a(_ge_sf.o)
 .debug_pubnames
                0x000000c8       0x1e c:/sdk_win_64/sdk_win_64/winavr/bin/../lib/gcc/avr/4.3.3/avr5\libgcc.a(_lt_sf.o)
 .debug_pubnames
                0x000000e6       0x1e c:/sdk_win_64/sdk_win_64/winavr/bin/../lib/gcc/avr/4.3.3/avr5\libgcc.a(_le_sf.o)
 .debug_pubnames
                0x00000104       0x20 c:/sdk_win_64/sdk_win_64/winavr/bin/../lib/gcc/avr/4.3.3/avr5\libgcc.a(_sf_to_si.o)
 .debug_pubnames
                0x00000124       0x22 c:/sdk_win_64/sdk_win_64/winavr/bin/../lib/gcc/avr/4.3.3/avr5\libgcc.a(_thenan_sf.o)
 .debug_pubnames
                0x00000146       0x24 c:/sdk_win_64/sdk_win_64/winavr/bin/../lib/gcc/avr/4.3.3/avr5\libgcc.a(_usi_to_sf.o)
 .debug_pubnames
                0x0000016a       0x1f c:/sdk_win_64/sdk_win_64/winavr/bin/../lib/gcc/avr/4.3.3/avr5\libgcc.a(_clzsi2.o)
 .debug_pubnames
                0x00000189       0x1f c:/sdk_win_64/sdk_win_64/winavr/bin/../lib/gcc/avr/4.3.3/avr5\libgcc.a(_pack_sf.o)
 .debug_pubnames
                0x000001a8       0x21 c:/sdk_win_64/sdk_win_64/winavr/bin/../lib/gcc/avr/4.3.3/avr5\libgcc.a(_unpack_sf.o)
 .debug_pubnames
                0x000001c9       0x26 c:/sdk_win_64/sdk_win_64/winavr/bin/../lib/gcc/avr/4.3.3/avr5\libgcc.a(_fpcmp_parts_sf.o)
 .debug_pubnames
                0x000001ef       0x20 c:/sdk_win_64/sdk_win_64/winavr/bin/../lib/gcc/avr/4.3.3/avr5\libgcc.a(_clz.o)

.debug_info     0x00000000     0x250d
 *(.debug_info)
 .debug_info    0x00000000       0xb1 c:/sdk_win_64/sdk_win_64/winavr/bin/../lib/gcc/avr/4.3.3/avr5\libgcc.a(_fixunssfsi.o)
 .debug_info    0x000000b1      0x47a c:/sdk_win_64/sdk_win_64/winavr/bin/../lib/gcc/avr/4.3.3/avr5\libgcc.a(_addsub_sf.o)
 .debug_info    0x0000052b      0x485 c:/sdk_win_64/sdk_win_64/winavr/bin/../lib/gcc/avr/4.3.3/avr5\libgcc.a(_mul_sf.o)
 .debug_info    0x000009b0      0x27f c:/sdk_win_64/sdk_win_64/winavr/bin/../lib/gcc/avr/4.3.3/avr5\libgcc.a(_ne_sf.o)
 .debug_info    0x00000c2f      0x27f c:/sdk_win_64/sdk_win_64/winavr/bin/../lib/gcc/avr/4.3.3/avr5\libgcc.a(_gt_sf.o)
 .debug_info    0x00000eae      0x27f c:/sdk_win_64/sdk_win_64/winavr/bin/../lib/gcc/avr/4.3.3/avr5\libgcc.a(_ge_sf.o)
 .debug_info    0x0000112d      0x27f c:/sdk_win_64/sdk_win_64/winavr/bin/../lib/gcc/avr/4.3.3/avr5\libgcc.a(_lt_sf.o)
 .debug_info    0x000013ac      0x27f c:/sdk_win_64/sdk_win_64/winavr/bin/../lib/gcc/avr/4.3.3/avr5\libgcc.a(_le_sf.o)
 .debug_info    0x0000162b      0x2b0 c:/sdk_win_64/sdk_win_64/winavr/bin/../lib/gcc/avr/4.3.3/avr5\libgcc.a(_sf_to_si.o)
 .debug_info    0x000018db      0x12c c:/sdk_win_64/sdk_win_64/winavr/bin/../lib/gcc/avr/4.3.3/avr5\libgcc.a(_thenan_sf.o)
 .debug_info    0x00001a07      0x206 c:/sdk_win_64/sdk_win_64/winavr/bin/../lib/gcc/avr/4.3.3/avr5\libgcc.a(_usi_to_sf.o)
 .debug_info    0x00001c0d      0x117 c:/sdk_win_64/sdk_win_64/winavr/bin/../lib/gcc/avr/4.3.3/avr5\libgcc.a(_clzsi2.o)
 .debug_info    0x00001d24      0x2df c:/sdk_win_64/sdk_win_64/winavr/bin/../lib/gcc/avr/4.3.3/avr5\libgcc.a(_pack_sf.o)
 .debug_info    0x00002003      0x251 c:/sdk_win_64/sdk_win_64/winavr/bin/../lib/gcc/avr/4.3.3/avr5\libgcc.a(_unpack_sf.o)
 .debug_info    0x00002254      0x210 c:/sdk_win_64/sdk_win_64/winavr/bin/../lib/gcc/avr/4.3.3/avr5\libgcc.a(_fpcmp_parts_sf.o)
 .debug_info    0x00002464       0xa9 c:/sdk_win_64/sdk_win_64/winavr/bin/../lib/gcc/avr/4.3.3/avr5\libgcc.a(_clz.o)
 *(.gnu.linkonce.wi.*)

.debug_abbrev   0x00000000     0x1424
 *(.debug_abbrev)
 .debug_abbrev  0x00000000       0x5d c:/sdk_win_64/sdk_win_64/winavr/bin/../lib/gcc/avr/4.3.3/avr5\libgcc.a(_fixunssfsi.o)
 .debug_abbrev  0x0000005d      0x1ea c:/sdk_win_64/sdk_win_64/winavr/bin/../lib/gcc/avr/4.3.3/avr5\libgcc.a(_addsub_sf.o)
 .debug_abbrev  0x00000247      0x21b c:/sdk_win_64/sdk_win_64/winavr/bin/../lib/gcc/avr/4.3.3/avr5\libgcc.a(_mul_sf.o)
 .debug_abbrev  0x00000462      0x15a c:/sdk_win_64/sdk_win_64/winavr/bin/../lib/gcc/avr/4.3.3/avr5\libgcc.a(_ne_sf.o)
 .debug_abbrev  0x000005bc      0x15a c:/sdk_win_64/sdk_win_64/winavr/bin/../lib/gcc/avr/4.3.3/avr5\libgcc.a(_gt_sf.o)
 .debug_abbrev  0x00000716      0x15a c:/sdk_win_64/sdk_win_64/winavr/bin/../lib/gcc/avr/4.3.3/avr5\libgcc.a(_ge_sf.o)
 .debug_abbrev  0x00000870      0x15a c:/sdk_win_64/sdk_win_64/winavr/bin/../lib/gcc/avr/4.3.3/avr5\libgcc.a(_lt_sf.o)
 .debug_abbrev  0x000009ca      0x15a c:/sdk_win_64/sdk_win_64/winavr/bin/../lib/gcc/avr/4.3.3/avr5\libgcc.a(_le_sf.o)
 .debug_abbrev  0x00000b24      0x17f c:/sdk_win_64/sdk_win_64/winavr/bin/../lib/gcc/avr/4.3.3/avr5\libgcc.a(_sf_to_si.o)
 .debug_abbrev  0x00000ca3       0xad c:/sdk_win_64/sdk_win_64/winavr/bin/../lib/gcc/avr/4.3.3/avr5\libgcc.a(_thenan_sf.o)
 .debug_abbrev  0x00000d50      0x157 c:/sdk_win_64/sdk_win_64/winavr/bin/../lib/gcc/avr/4.3.3/avr5\libgcc.a(_usi_to_sf.o)
 .debug_abbrev  0x00000ea7       0xc4 c:/sdk_win_64/sdk_win_64/winavr/bin/../lib/gcc/avr/4.3.3/avr5\libgcc.a(_clzsi2.o)
 .debug_abbrev  0x00000f6b      0x1c0 c:/sdk_win_64/sdk_win_64/winavr/bin/../lib/gcc/avr/4.3.3/avr5\libgcc.a(_pack_sf.o)
 .debug_abbrev  0x0000112b      0x154 c:/sdk_win_64/sdk_win_64/winavr/bin/../lib/gcc/avr/4.3.3/avr5\libgcc.a(_unpack_sf.o)
 .debug_abbrev  0x0000127f      0x13b c:/sdk_win_64/sdk_win_64/winavr/bin/../lib/gcc/avr/4.3.3/avr5\libgcc.a(_fpcmp_parts_sf.o)
 .debug_abbrev  0x000013ba       0x6a c:/sdk_win_64/sdk_win_64/winavr/bin/../lib/gcc/avr/4.3.3/avr5\libgcc.a(_clz.o)

.debug_line     0x00000000     0x11a7
 *(.debug_line)
 .debug_line    0x00000000       0xa7 c:/sdk_win_64/sdk_win_64/winavr/bin/../lib/gcc/avr/4.3.3/avr5\libgcc.a(_fixunssfsi.o)
 .debug_line    0x000000a7      0x2af c:/sdk_win_64/sdk_win_64/winavr/bin/../lib/gcc/avr/4.3.3/avr5\libgcc.a(_addsub_sf.o)
 .debug_line    0x00000356      0x239 c:/sdk_win_64/sdk_win_64/winavr/bin/../lib/gcc/avr/4.3.3/avr5\libgcc.a(_mul_sf.o)
 .debug_line    0x0000058f       0xd3 c:/sdk_win_64/sdk_win_64/winavr/bin/../lib/gcc/avr/4.3.3/avr5\libgcc.a(_ne_sf.o)
 .debug_line    0x00000662       0xd3 c:/sdk_win_64/sdk_win_64/winavr/bin/../lib/gcc/avr/4.3.3/avr5\libgcc.a(_gt_sf.o)
 .debug_line    0x00000735       0xd3 c:/sdk_win_64/sdk_win_64/winavr/bin/../lib/gcc/avr/4.3.3/avr5\libgcc.a(_ge_sf.o)
 .debug_line    0x00000808       0xd3 c:/sdk_win_64/sdk_win_64/winavr/bin/../lib/gcc/avr/4.3.3/avr5\libgcc.a(_lt_sf.o)
 .debug_line    0x000008db       0xd3 c:/sdk_win_64/sdk_win_64/winavr/bin/../lib/gcc/avr/4.3.3/avr5\libgcc.a(_le_sf.o)
 .debug_line    0x000009ae      0x109 c:/sdk_win_64/sdk_win_64/winavr/bin/../lib/gcc/avr/4.3.3/avr5\libgcc.a(_sf_to_si.o)
 .debug_line    0x00000ab7       0x90 c:/sdk_win_64/sdk_win_64/winavr/bin/../lib/gcc/avr/4.3.3/avr5\libgcc.a(_thenan_sf.o)
 .debug_line    0x00000b47      0x133 c:/sdk_win_64/sdk_win_64/winavr/bin/../lib/gcc/avr/4.3.3/avr5\libgcc.a(_usi_to_sf.o)
 .debug_line    0x00000c7a       0xa5 c:/sdk_win_64/sdk_win_64/winavr/bin/../lib/gcc/avr/4.3.3/avr5\libgcc.a(_clzsi2.o)
 .debug_line    0x00000d1f      0x18a c:/sdk_win_64/sdk_win_64/winavr/bin/../lib/gcc/avr/4.3.3/avr5\libgcc.a(_pack_sf.o)
 .debug_line    0x00000ea9      0x14b c:/sdk_win_64/sdk_win_64/winavr/bin/../lib/gcc/avr/4.3.3/avr5\libgcc.a(_unpack_sf.o)
 .debug_line    0x00000ff4      0x137 c:/sdk_win_64/sdk_win_64/winavr/bin/../lib/gcc/avr/4.3.3/avr5\libgcc.a(_fpcmp_parts_sf.o)
 .debug_line    0x0000112b       0x7c c:/sdk_win_64/sdk_win_64/winavr/bin/../lib/gcc/avr/4.3.3/avr5\libgcc.a(_clz.o)

.debug_frame    0x00000000      0x1e0
 *(.debug_frame)
 .debug_frame   0x00000000       0x20 c:/sdk_win_64/sdk_win_64/winavr/bin/../lib/gcc/avr/4.3.3/avr5\libgcc.a(_fixunssfsi.o)
 .debug_frame   0x00000020       0x40 c:/sdk_win_64/sdk_win_64/winavr/bin/../lib/gcc/avr/4.3.3/avr5\libgcc.a(_addsub_sf.o)
 .debug_frame   0x00000060       0x20 c:/sdk_win_64/sdk_win_64/winavr/bin/../lib/gcc/avr/4.3.3/avr5\libgcc.a(_mul_sf.o)
 .debug_frame   0x00000080       0x20 c:/sdk_win_64/sdk_win_64/winavr/bin/../lib/gcc/avr/4.3.3/avr5\libgcc.a(_ne_sf.o)
 .debug_frame   0x000000a0       0x20 c:/sdk_win_64/sdk_win_64/winavr/bin/../lib/gcc/avr/4.3.3/avr5\libgcc.a(_gt_sf.o)
 .debug_frame   0x000000c0       0x20 c:/sdk_win_64/sdk_win_64/winavr/bin/../lib/gcc/avr/4.3.3/avr5\libgcc.a(_ge_sf.o)
 .debug_frame   0x000000e0       0x20 c:/sdk_win_64/sdk_win_64/winavr/bin/../lib/gcc/avr/4.3.3/avr5\libgcc.a(_lt_sf.o)
 .debug_frame   0x00000100       0x20 c:/sdk_win_64/sdk_win_64/winavr/bin/../lib/gcc/avr/4.3.3/avr5\libgcc.a(_le_sf.o)
 .debug_frame   0x00000120       0x20 c:/sdk_win_64/sdk_win_64/winavr/bin/../lib/gcc/avr/4.3.3/avr5\libgcc.a(_sf_to_si.o)
 .debug_frame   0x00000140       0x20 c:/sdk_win_64/sdk_win_64/winavr/bin/../lib/gcc/avr/4.3.3/avr5\libgcc.a(_usi_to_sf.o)
 .debug_frame   0x00000160       0x20 c:/sdk_win_64/sdk_win_64/winavr/bin/../lib/gcc/avr/4.3.3/avr5\libgcc.a(_clzsi2.o)
 .debug_frame   0x00000180       0x20 c:/sdk_win_64/sdk_win_64/winavr/bin/../lib/gcc/avr/4.3.3/avr5\libgcc.a(_pack_sf.o)
 .debug_frame   0x000001a0       0x20 c:/sdk_win_64/sdk_win_64/winavr/bin/../lib/gcc/avr/4.3.3/avr5\libgcc.a(_unpack_sf.o)
 .debug_frame   0x000001c0       0x20 c:/sdk_win_64/sdk_win_64/winavr/bin/../lib/gcc/avr/4.3.3/avr5\libgcc.a(_fpcmp_parts_sf.o)

.debug_str      0x00000000      0x2d1
 *(.debug_str)
 .debug_str     0x00000000       0xbf c:/sdk_win_64/sdk_win_64/winavr/bin/../lib/gcc/avr/4.3.3/avr5\libgcc.a(_fixunssfsi.o)
                                 0xfe (size before relaxing)
 .debug_str     0x000000bf      0x14d c:/sdk_win_64/sdk_win_64/winavr/bin/../lib/gcc/avr/4.3.3/avr5\libgcc.a(_addsub_sf.o)
                                0x206 (size before relaxing)
 .debug_str     0x0000020c       0x27 c:/sdk_win_64/sdk_win_64/winavr/bin/../lib/gcc/avr/4.3.3/avr5\libgcc.a(_mul_sf.o)
                                0x1bf (size before relaxing)
 .debug_str     0x00000233        0x8 c:/sdk_win_64/sdk_win_64/winavr/bin/../lib/gcc/avr/4.3.3/avr5\libgcc.a(_ne_sf.o)
                                0x195 (size before relaxing)
 .debug_str     0x0000023b        0x8 c:/sdk_win_64/sdk_win_64/winavr/bin/../lib/gcc/avr/4.3.3/avr5\libgcc.a(_gt_sf.o)
                                0x195 (size before relaxing)
 .debug_str     0x00000243        0x8 c:/sdk_win_64/sdk_win_64/winavr/bin/../lib/gcc/avr/4.3.3/avr5\libgcc.a(_ge_sf.o)
                                0x195 (size before relaxing)
 .debug_str     0x0000024b        0x8 c:/sdk_win_64/sdk_win_64/winavr/bin/../lib/gcc/avr/4.3.3/avr5\libgcc.a(_lt_sf.o)
                                0x195 (size before relaxing)
 .debug_str     0x00000253        0x8 c:/sdk_win_64/sdk_win_64/winavr/bin/../lib/gcc/avr/4.3.3/avr5\libgcc.a(_le_sf.o)
                                0x195 (size before relaxing)
 .debug_str     0x0000025b        0xa c:/sdk_win_64/sdk_win_64/winavr/bin/../lib/gcc/avr/4.3.3/avr5\libgcc.a(_sf_to_si.o)
                                0x19e (size before relaxing)
 .debug_str     0x00000000      0x103 c:/sdk_win_64/sdk_win_64/winavr/bin/../lib/gcc/avr/4.3.3/avr5\libgcc.a(_thenan_sf.o)
 .debug_str     0x00000265       0x21 c:/sdk_win_64/sdk_win_64/winavr/bin/../lib/gcc/avr/4.3.3/avr5\libgcc.a(_usi_to_sf.o)
                                0x177 (size before relaxing)
 .debug_str     0x00000286       0x20 c:/sdk_win_64/sdk_win_64/winavr/bin/../lib/gcc/avr/4.3.3/avr5\libgcc.a(_clzsi2.o)
                                0x111 (size before relaxing)
 .debug_str     0x000002a6       0x10 c:/sdk_win_64/sdk_win_64/winavr/bin/../lib/gcc/avr/4.3.3/avr5\libgcc.a(_pack_sf.o)
                                0x19d (size before relaxing)
 .debug_str     0x000002b6        0xb c:/sdk_win_64/sdk_win_64/winavr/bin/../lib/gcc/avr/4.3.3/avr5\libgcc.a(_unpack_sf.o)
                                0x17f (size before relaxing)
 .debug_str     0x000002c1       0x10 c:/sdk_win_64/sdk_win_64/winavr/bin/../lib/gcc/avr/4.3.3/avr5\libgcc.a(_fpcmp_parts_sf.o)
                                0x163 (size before relaxing)
 .debug_str     0x00000000       0xf4 c:/sdk_win_64/sdk_win_64/winavr/bin/../lib/gcc/avr/4.3.3/avr5\libgcc.a(_clz.o)

.debug_loc      0x00000000      0x926
 *(.debug_loc)
 .debug_loc     0x00000000       0x34 c:/sdk_win_64/sdk_win_64/winavr/bin/../lib/gcc/avr/4.3.3/avr5\libgcc.a(_fixunssfsi.o)
 .debug_loc     0x00000034      0x32a c:/sdk_win_64/sdk_win_64/winavr/bin/../lib/gcc/avr/4.3.3/avr5\libgcc.a(_addsub_sf.o)
 .debug_loc     0x0000035e      0x104 c:/sdk_win_64/sdk_win_64/winavr/bin/../lib/gcc/avr/4.3.3/avr5\libgcc.a(_mul_sf.o)
 .debug_loc     0x00000462       0x3c c:/sdk_win_64/sdk_win_64/winavr/bin/../lib/gcc/avr/4.3.3/avr5\libgcc.a(_ne_sf.o)
 .debug_loc     0x0000049e       0x3c c:/sdk_win_64/sdk_win_64/winavr/bin/../lib/gcc/avr/4.3.3/avr5\libgcc.a(_gt_sf.o)
 .debug_loc     0x000004da       0x3c c:/sdk_win_64/sdk_win_64/winavr/bin/../lib/gcc/avr/4.3.3/avr5\libgcc.a(_ge_sf.o)
 .debug_loc     0x00000516       0x3c c:/sdk_win_64/sdk_win_64/winavr/bin/../lib/gcc/avr/4.3.3/avr5\libgcc.a(_lt_sf.o)
 .debug_loc     0x00000552       0x3c c:/sdk_win_64/sdk_win_64/winavr/bin/../lib/gcc/avr/4.3.3/avr5\libgcc.a(_le_sf.o)
 .debug_loc     0x0000058e       0x7e c:/sdk_win_64/sdk_win_64/winavr/bin/../lib/gcc/avr/4.3.3/avr5\libgcc.a(_sf_to_si.o)
 .debug_loc     0x0000060c       0x4c c:/sdk_win_64/sdk_win_64/winavr/bin/../lib/gcc/avr/4.3.3/avr5\libgcc.a(_usi_to_sf.o)
 .debug_loc     0x00000658       0x94 c:/sdk_win_64/sdk_win_64/winavr/bin/../lib/gcc/avr/4.3.3/avr5\libgcc.a(_clzsi2.o)
 .debug_loc     0x000006ec      0x13e c:/sdk_win_64/sdk_win_64/winavr/bin/../lib/gcc/avr/4.3.3/avr5\libgcc.a(_pack_sf.o)
 .debug_loc     0x0000082a       0xac c:/sdk_win_64/sdk_win_64/winavr/bin/../lib/gcc/avr/4.3.3/avr5\libgcc.a(_unpack_sf.o)
 .debug_loc     0x000008d6       0x50 c:/sdk_win_64/sdk_win_64/winavr/bin/../lib/gcc/avr/4.3.3/avr5\libgcc.a(_fpcmp_parts_sf.o)

.debug_macinfo
 *(.debug_macinfo)
OUTPUT(ModuleHub.elf elf32-avr)
LOAD linker stubs

.debug_ranges   0x00000000       0x50
 .debug_ranges  0x00000000       0x50 c:/sdk_win_64/sdk_win_64/winavr/bin/../lib/gcc/avr/4.3.3/avr5\libgcc.a(_mul_sf.o)
